  Determining projects to restore...
  All projects are up-to-date for restore.
CSC : warning CS1668: Invalid search path 'C:\Program Files\Microsoft Visual Studio\2022\Preview\VC\Tools\MSVC\14.41.33923\ATLMFC\lib\x64' specified in 'LIB environment variable' -- 'directory does not exist' [D:\Workspace\Personal\JMMinistry\JMMinistry.Common\JMMinistry.Common.csproj]
CSC : warning CS1668: Invalid search path 'C:\Program Files\Microsoft Visual Studio\2022\Preview\VC\Tools\MSVC\14.41.33923\lib\x64' specified in 'LIB environment variable' -- 'directory does not exist' [D:\Workspace\Personal\JMMinistry\JMMinistry.Common\JMMinistry.Common.csproj]
D:\Workspace\Personal\JMMinistry\JMMinistry.Common\Dtos\Gained\GainedUser.cs(5,34): warning CS8618: Non-nullable property 'Events' must contain a non-null value when exiting constructor. Consider adding the 'required' modifier or declaring the property as nullable. [D:\Workspace\Personal\JMMinistry\JMMinistry.Common\JMMinistry.Common.csproj]
CSC : warning CS1668: Invalid search path 'C:\Program Files\Microsoft Visual Studio\2022\Preview\VC\Tools\MSVC\14.41.33923\ATLMFC\lib\x64' specified in 'LIB environment variable' -- 'directory does not exist' [D:\Workspace\Personal\JMMinistry\JMMinistry.Common\JMMinistry.Common.csproj]
CSC : warning CS1668: Invalid search path 'C:\Program Files\Microsoft Visual Studio\2022\Preview\VC\Tools\MSVC\14.41.33923\lib\x64' specified in 'LIB environment variable' -- 'directory does not exist' [D:\Workspace\Personal\JMMinistry\JMMinistry.Common\JMMinistry.Common.csproj]
  JMMinistry.Common -> D:\Workspace\Personal\JMMinistry\JMMinistry.Common\bin\Debug\net10.0\JMMinistry.Common.dll
CSC : warning CS1668: Invalid search path 'C:\Program Files\Microsoft Visual Studio\2022\Preview\VC\Tools\MSVC\14.41.33923\ATLMFC\lib\x64' specified in 'LIB environment variable' -- 'directory does not exist' [D:\Workspace\Personal\JMMinistry\JMMinistry.Domain\JMMinistry.Domain.csproj]
CSC : warning CS1668: Invalid search path 'C:\Program Files\Microsoft Visual Studio\2022\Preview\VC\Tools\MSVC\14.41.33923\lib\x64' specified in 'LIB environment variable' -- 'directory does not exist' [D:\Workspace\Personal\JMMinistry\JMMinistry.Domain\JMMinistry.Domain.csproj]
D:\Workspace\Personal\JMMinistry\JMMinistry.Domain\Course.cs(12,38): warning CS8618: Non-nullable property 'Schedules' must contain a non-null value when exiting constructor. Consider adding the 'required' modifier or declaring the property as nullable. [D:\Workspace\Personal\JMMinistry\JMMinistry.Domain\JMMinistry.Domain.csproj]
  JMMinistry.Domain -> D:\Workspace\Personal\JMMinistry\JMMinistry.Domain\bin\Debug\net10.0\JMMinistry.Domain.dll
CSC : warning CS1668: Invalid search path 'C:\Program Files\Microsoft Visual Studio\2022\Preview\VC\Tools\MSVC\14.41.33923\ATLMFC\lib\x64' specified in 'LIB environment variable' -- 'directory does not exist' [D:\Workspace\Personal\JMMinistry\JMMinistry.Application\JMMinistry.Application.csproj]
CSC : warning CS1668: Invalid search path 'C:\Program Files\Microsoft Visual Studio\2022\Preview\VC\Tools\MSVC\14.41.33923\lib\x64' specified in 'LIB environment variable' -- 'directory does not exist' [D:\Workspace\Personal\JMMinistry\JMMinistry.Application\JMMinistry.Application.csproj]
D:\Workspace\Personal\JMMinistry\JMMinistry.Application\Mappers\MapperProfile.cs(18,9): warning RMG020: The member LastAccess on the mapping source type JMMinistry.Domain.PersonalInfo is not mapped to any member on the mapping target type JMMinistry.Common.Dtos.User.UserInfoDto [D:\Workspace\Personal\JMMinistry\JMMinistry.Application\JMMinistry.Application.csproj]
D:\Workspace\Personal\JMMinistry\JMMinistry.Application\Mappers\MapperProfile.cs(18,9): warning RMG020: The member GainedId on the mapping source type JMMinistry.Domain.PersonalInfo is not mapped to any member on the mapping target type JMMinistry.Common.Dtos.User.UserInfoDto [D:\Workspace\Personal\JMMinistry\JMMinistry.Application\JMMinistry.Application.csproj]
D:\Workspace\Personal\JMMinistry\JMMinistry.Application\Mappers\MapperProfile.cs(18,9): warning RMG020: The member GainedRecord on the mapping source type JMMinistry.Domain.PersonalInfo is not mapped to any member on the mapping target type JMMinistry.Common.Dtos.User.UserInfoDto [D:\Workspace\Personal\JMMinistry\JMMinistry.Application\JMMinistry.Application.csproj]
D:\Workspace\Personal\JMMinistry\JMMinistry.Application\Mappers\MapperProfile.cs(18,9): warning RMG020: The member Cell on the mapping source type JMMinistry.Domain.PersonalInfo is not mapped to any member on the mapping target type JMMinistry.Common.Dtos.User.UserInfoDto [D:\Workspace\Personal\JMMinistry\JMMinistry.Application\JMMinistry.Application.csproj]
D:\Workspace\Personal\JMMinistry\JMMinistry.Application\Mappers\MapperProfile.cs(18,9): warning RMG020: The member CellEnrollmentDate on the mapping source type JMMinistry.Domain.PersonalInfo is not mapped to any member on the mapping target type JMMinistry.Common.Dtos.User.UserInfoDto [D:\Workspace\Personal\JMMinistry\JMMinistry.Application\JMMinistry.Application.csproj]
D:\Workspace\Personal\JMMinistry\JMMinistry.Application\Mappers\MapperProfile.cs(18,9): warning RMG020: The member Cells on the mapping source type JMMinistry.Domain.PersonalInfo is not mapped to any member on the mapping target type JMMinistry.Common.Dtos.User.UserInfoDto [D:\Workspace\Personal\JMMinistry\JMMinistry.Application\JMMinistry.Application.csproj]
D:\Workspace\Personal\JMMinistry\JMMinistry.Application\Mappers\MapperProfile.cs(18,9): warning RMG020: The member MeetingAttendances on the mapping source type JMMinistry.Domain.PersonalInfo is not mapped to any member on the mapping target type JMMinistry.Common.Dtos.User.UserInfoDto [D:\Workspace\Personal\JMMinistry\JMMinistry.Application\JMMinistry.Application.csproj]
D:\Workspace\Personal\JMMinistry\JMMinistry.Application\Mappers\MapperProfile.cs(18,9): warning RMG020: The member CellAttendances on the mapping source type JMMinistry.Domain.PersonalInfo is not mapped to any member on the mapping target type JMMinistry.Common.Dtos.User.UserInfoDto [D:\Workspace\Personal\JMMinistry\JMMinistry.Application\JMMinistry.Application.csproj]
D:\Workspace\Personal\JMMinistry\JMMinistry.Application\Mappers\MapperProfile.cs(18,9): warning RMG020: The member ClassAttendances on the mapping source type JMMinistry.Domain.PersonalInfo is not mapped to any member on the mapping target type JMMinistry.Common.Dtos.User.UserInfoDto [D:\Workspace\Personal\JMMinistry\JMMinistry.Application\JMMinistry.Application.csproj]
D:\Workspace\Personal\JMMinistry\JMMinistry.Application\Mappers\MapperProfile.cs(18,9): warning RMG020: The member Classes on the mapping source type JMMinistry.Domain.PersonalInfo is not mapped to any member on the mapping target type JMMinistry.Common.Dtos.User.UserInfoDto [D:\Workspace\Personal\JMMinistry\JMMinistry.Application\JMMinistry.Application.csproj]
D:\Workspace\Personal\JMMinistry\JMMinistry.Application\Mappers\MapperProfile.cs(18,9): warning RMG020: The member Conventions on the mapping source type JMMinistry.Domain.PersonalInfo is not mapped to any member on the mapping target type JMMinistry.Common.Dtos.User.UserInfoDto [D:\Workspace\Personal\JMMinistry\JMMinistry.Application\JMMinistry.Application.csproj]
D:\Workspace\Personal\JMMinistry\JMMinistry.Application\Mappers\MapperProfile.cs(18,9): warning RMG020: The member ConventionInvites on the mapping source type JMMinistry.Domain.PersonalInfo is not mapped to any member on the mapping target type JMMinistry.Common.Dtos.User.UserInfoDto [D:\Workspace\Personal\JMMinistry\JMMinistry.Application\JMMinistry.Application.csproj]
D:\Workspace\Personal\JMMinistry\JMMinistry.Application\Mappers\MapperProfile.cs(18,9): warning RMG020: The member UserRoles on the mapping source type JMMinistry.Domain.PersonalInfo is not mapped to any member on the mapping target type JMMinistry.Common.Dtos.User.UserInfoDto [D:\Workspace\Personal\JMMinistry\JMMinistry.Application\JMMinistry.Application.csproj]
D:\Workspace\Personal\JMMinistry\JMMinistry.Application\Mappers\MapperProfile.cs(18,9): warning RMG020: The member Gained on the mapping source type JMMinistry.Domain.PersonalInfo is not mapped to any member on the mapping target type JMMinistry.Common.Dtos.User.UserInfoDto [D:\Workspace\Personal\JMMinistry\JMMinistry.Application\JMMinistry.Application.csproj]
D:\Workspace\Personal\JMMinistry\JMMinistry.Application\Mappers\MapperProfile.cs(18,9): warning RMG020: The member UserName on the mapping source type JMMinistry.Domain.PersonalInfo is not mapped to any member on the mapping target type JMMinistry.Common.Dtos.User.UserInfoDto [D:\Workspace\Personal\JMMinistry\JMMinistry.Application\JMMinistry.Application.csproj]
D:\Workspace\Personal\JMMinistry\JMMinistry.Application\Mappers\MapperProfile.cs(18,9): warning RMG020: The member NormalizedUserName on the mapping source type JMMinistry.Domain.PersonalInfo is not mapped to any member on the mapping target type JMMinistry.Common.Dtos.User.UserInfoDto [D:\Workspace\Personal\JMMinistry\JMMinistry.Application\JMMinistry.Application.csproj]
D:\Workspace\Personal\JMMinistry\JMMinistry.Application\Mappers\MapperProfile.cs(18,9): warning RMG020: The member NormalizedEmail on the mapping source type JMMinistry.Domain.PersonalInfo is not mapped to any member on the mapping target type JMMinistry.Common.Dtos.User.UserInfoDto [D:\Workspace\Personal\JMMinistry\JMMinistry.Application\JMMinistry.Application.csproj]
D:\Workspace\Personal\JMMinistry\JMMinistry.Application\Mappers\MapperProfile.cs(18,9): warning RMG020: The member EmailConfirmed on the mapping source type JMMinistry.Domain.PersonalInfo is not mapped to any member on the mapping target type JMMinistry.Common.Dtos.User.UserInfoDto [D:\Workspace\Personal\JMMinistry\JMMinistry.Application\JMMinistry.Application.csproj]
D:\Workspace\Personal\JMMinistry\JMMinistry.Application\Mappers\MapperProfile.cs(18,9): warning RMG020: The member PasswordHash on the mapping source type JMMinistry.Domain.PersonalInfo is not mapped to any member on the mapping target type JMMinistry.Common.Dtos.User.UserInfoDto [D:\Workspace\Personal\JMMinistry\JMMinistry.Application\JMMinistry.Application.csproj]
D:\Workspace\Personal\JMMinistry\JMMinistry.Application\Mappers\MapperProfile.cs(18,9): warning RMG020: The member SecurityStamp on the mapping source type JMMinistry.Domain.PersonalInfo is not mapped to any member on the mapping target type JMMinistry.Common.Dtos.User.UserInfoDto [D:\Workspace\Personal\JMMinistry\JMMinistry.Application\JMMinistry.Application.csproj]
D:\Workspace\Personal\JMMinistry\JMMinistry.Application\Mappers\MapperProfile.cs(18,9): warning RMG020: The member ConcurrencyStamp on the mapping source type JMMinistry.Domain.PersonalInfo is not mapped to any member on the mapping target type JMMinistry.Common.Dtos.User.UserInfoDto [D:\Workspace\Personal\JMMinistry\JMMinistry.Application\JMMinistry.Application.csproj]
D:\Workspace\Personal\JMMinistry\JMMinistry.Application\Mappers\MapperProfile.cs(18,9): warning RMG020: The member PhoneNumber on the mapping source type JMMinistry.Domain.PersonalInfo is not mapped to any member on the mapping target type JMMinistry.Common.Dtos.User.UserInfoDto [D:\Workspace\Personal\JMMinistry\JMMinistry.Application\JMMinistry.Application.csproj]
D:\Workspace\Personal\JMMinistry\JMMinistry.Application\Mappers\MapperProfile.cs(18,9): warning RMG020: The member PhoneNumberConfirmed on the mapping source type JMMinistry.Domain.PersonalInfo is not mapped to any member on the mapping target type JMMinistry.Common.Dtos.User.UserInfoDto [D:\Workspace\Personal\JMMinistry\JMMinistry.Application\JMMinistry.Application.csproj]
D:\Workspace\Personal\JMMinistry\JMMinistry.Application\Mappers\MapperProfile.cs(18,9): warning RMG020: The member TwoFactorEnabled on the mapping source type JMMinistry.Domain.PersonalInfo is not mapped to any member on the mapping target type JMMinistry.Common.Dtos.User.UserInfoDto [D:\Workspace\Personal\JMMinistry\JMMinistry.Application\JMMinistry.Application.csproj]
D:\Workspace\Personal\JMMinistry\JMMinistry.Application\Mappers\MapperProfile.cs(18,9): warning RMG020: The member LockoutEnd on the mapping source type JMMinistry.Domain.PersonalInfo is not mapped to any member on the mapping target type JMMinistry.Common.Dtos.User.UserInfoDto [D:\Workspace\Personal\JMMinistry\JMMinistry.Application\JMMinistry.Application.csproj]
D:\Workspace\Personal\JMMinistry\JMMinistry.Application\Mappers\MapperProfile.cs(18,9): warning RMG020: The member LockoutEnabled on the mapping source type JMMinistry.Domain.PersonalInfo is not mapped to any member on the mapping target type JMMinistry.Common.Dtos.User.UserInfoDto [D:\Workspace\Personal\JMMinistry\JMMinistry.Application\JMMinistry.Application.csproj]
D:\Workspace\Personal\JMMinistry\JMMinistry.Application\Mappers\MapperProfile.cs(18,9): warning RMG020: The member AccessFailedCount on the mapping source type JMMinistry.Domain.PersonalInfo is not mapped to any member on the mapping target type JMMinistry.Common.Dtos.User.UserInfoDto [D:\Workspace\Personal\JMMinistry\JMMinistry.Application\JMMinistry.Application.csproj]
D:\Workspace\Personal\JMMinistry\JMMinistry.Application\Mappers\MapperProfile.cs(18,9): warning RMG012: The member AccessType on the mapping target type JMMinistry.Common.Dtos.User.UserInfoDto was not found on the mapping source type JMMinistry.Domain.PersonalInfo [D:\Workspace\Personal\JMMinistry\JMMinistry.Application\JMMinistry.Application.csproj]
D:\Workspace\Personal\JMMinistry\JMMinistry.Application\Mappers\MapperProfile.cs(18,9): warning RMG012: The member Leaders on the mapping target type JMMinistry.Common.Dtos.User.UserInfoDto was not found on the mapping source type JMMinistry.Domain.PersonalInfo [D:\Workspace\Personal\JMMinistry\JMMinistry.Application\JMMinistry.Application.csproj]
D:\Workspace\Personal\JMMinistry\JMMinistry.Application\Mappers\MapperProfile.cs(18,9): warning RMG012: The member Photo on the mapping target type JMMinistry.Common.Dtos.User.UserInfoDto was not found on the mapping source type JMMinistry.Domain.PersonalInfo [D:\Workspace\Personal\JMMinistry\JMMinistry.Application\JMMinistry.Application.csproj]
D:\Workspace\Personal\JMMinistry\JMMinistry.Application\Mappers\MapperProfile.cs(21,9): warning RMG020: The member City on the mapping source type JMMinistry.Domain.PersonalInfo is not mapped to any member on the mapping target type JMMinistry.Common.Dtos.User.PartialUserInfoDto [D:\Workspace\Personal\JMMinistry\JMMinistry.Application\JMMinistry.Application.csproj]
D:\Workspace\Personal\JMMinistry\JMMinistry.Application\Mappers\MapperProfile.cs(21,9): warning RMG020: The member Locality on the mapping source type JMMinistry.Domain.PersonalInfo is not mapped to any member on the mapping target type JMMinistry.Common.Dtos.User.PartialUserInfoDto [D:\Workspace\Personal\JMMinistry\JMMinistry.Application\JMMinistry.Application.csproj]
D:\Workspace\Personal\JMMinistry\JMMinistry.Application\Mappers\MapperProfile.cs(21,9): warning RMG020: The member Neighborhood on the mapping source type JMMinistry.Domain.PersonalInfo is not mapped to any member on the mapping target type JMMinistry.Common.Dtos.User.PartialUserInfoDto [D:\Workspace\Personal\JMMinistry\JMMinistry.Application\JMMinistry.Application.csproj]
D:\Workspace\Personal\JMMinistry\JMMinistry.Application\Mappers\MapperProfile.cs(21,9): warning RMG020: The member Address on the mapping source type JMMinistry.Domain.PersonalInfo is not mapped to any member on the mapping target type JMMinistry.Common.Dtos.User.PartialUserInfoDto [D:\Workspace\Personal\JMMinistry\JMMinistry.Application\JMMinistry.Application.csproj]
D:\Workspace\Personal\JMMinistry\JMMinistry.Application\Mappers\MapperProfile.cs(21,9): warning RMG020: The member EducationalLevel on the mapping source type JMMinistry.Domain.PersonalInfo is not mapped to any member on the mapping target type JMMinistry.Common.Dtos.User.PartialUserInfoDto [D:\Workspace\Personal\JMMinistry\JMMinistry.Application\JMMinistry.Application.csproj]
D:\Workspace\Personal\JMMinistry\JMMinistry.Application\Mappers\MapperProfile.cs(21,9): warning RMG020: The member Profession on the mapping source type JMMinistry.Domain.PersonalInfo is not mapped to any member on the mapping target type JMMinistry.Common.Dtos.User.PartialUserInfoDto [D:\Workspace\Personal\JMMinistry\JMMinistry.Application\JMMinistry.Application.csproj]
D:\Workspace\Personal\JMMinistry\JMMinistry.Application\Mappers\MapperProfile.cs(21,9): warning RMG020: The member Occupation on the mapping source type JMMinistry.Domain.PersonalInfo is not mapped to any member on the mapping target type JMMinistry.Common.Dtos.User.PartialUserInfoDto [D:\Workspace\Personal\JMMinistry\JMMinistry.Application\JMMinistry.Application.csproj]
D:\Workspace\Personal\JMMinistry\JMMinistry.Application\Mappers\MapperProfile.cs(21,9): warning RMG020: The member MaritalStatus on the mapping source type JMMinistry.Domain.PersonalInfo is not mapped to any member on the mapping target type JMMinistry.Common.Dtos.User.PartialUserInfoDto [D:\Workspace\Personal\JMMinistry\JMMinistry.Application\JMMinistry.Application.csproj]
D:\Workspace\Personal\JMMinistry\JMMinistry.Application\Mappers\MapperProfile.cs(21,9): warning RMG020: The member Birthday on the mapping source type JMMinistry.Domain.PersonalInfo is not mapped to any member on the mapping target type JMMinistry.Common.Dtos.User.PartialUserInfoDto [D:\Workspace\Personal\JMMinistry\JMMinistry.Application\JMMinistry.Application.csproj]
D:\Workspace\Personal\JMMinistry\JMMinistry.Application\Mappers\MapperProfile.cs(21,9): warning RMG020: The member LastAccess on the mapping source type JMMinistry.Domain.PersonalInfo is not mapped to any member on the mapping target type JMMinistry.Common.Dtos.User.PartialUserInfoDto [D:\Workspace\Personal\JMMinistry\JMMinistry.Application\JMMinistry.Application.csproj]
D:\Workspace\Personal\JMMinistry\JMMinistry.Application\Mappers\MapperProfile.cs(21,9): warning RMG020: The member GainedId on the mapping source type JMMinistry.Domain.PersonalInfo is not mapped to any member on the mapping target type JMMinistry.Common.Dtos.User.PartialUserInfoDto [D:\Workspace\Personal\JMMinistry\JMMinistry.Application\JMMinistry.Application.csproj]
D:\Workspace\Personal\JMMinistry\JMMinistry.Application\Mappers\MapperProfile.cs(21,9): warning RMG020: The member GainedRecord on the mapping source type JMMinistry.Domain.PersonalInfo is not mapped to any member on the mapping target type JMMinistry.Common.Dtos.User.PartialUserInfoDto [D:\Workspace\Personal\JMMinistry\JMMinistry.Application\JMMinistry.Application.csproj]
D:\Workspace\Personal\JMMinistry\JMMinistry.Application\Mappers\MapperProfile.cs(21,9): warning RMG020: The member Cell on the mapping source type JMMinistry.Domain.PersonalInfo is not mapped to any member on the mapping target type JMMinistry.Common.Dtos.User.PartialUserInfoDto [D:\Workspace\Personal\JMMinistry\JMMinistry.Application\JMMinistry.Application.csproj]
D:\Workspace\Personal\JMMinistry\JMMinistry.Application\Mappers\MapperProfile.cs(21,9): warning RMG020: The member CellEnrollmentDate on the mapping source type JMMinistry.Domain.PersonalInfo is not mapped to any member on the mapping target type JMMinistry.Common.Dtos.User.PartialUserInfoDto [D:\Workspace\Personal\JMMinistry\JMMinistry.Application\JMMinistry.Application.csproj]
D:\Workspace\Personal\JMMinistry\JMMinistry.Application\Mappers\MapperProfile.cs(21,9): warning RMG020: The member Cells on the mapping source type JMMinistry.Domain.PersonalInfo is not mapped to any member on the mapping target type JMMinistry.Common.Dtos.User.PartialUserInfoDto [D:\Workspace\Personal\JMMinistry\JMMinistry.Application\JMMinistry.Application.csproj]
D:\Workspace\Personal\JMMinistry\JMMinistry.Application\Mappers\MapperProfile.cs(21,9): warning RMG020: The member MeetingAttendances on the mapping source type JMMinistry.Domain.PersonalInfo is not mapped to any member on the mapping target type JMMinistry.Common.Dtos.User.PartialUserInfoDto [D:\Workspace\Personal\JMMinistry\JMMinistry.Application\JMMinistry.Application.csproj]
D:\Workspace\Personal\JMMinistry\JMMinistry.Application\Mappers\MapperProfile.cs(21,9): warning RMG020: The member CellAttendances on the mapping source type JMMinistry.Domain.PersonalInfo is not mapped to any member on the mapping target type JMMinistry.Common.Dtos.User.PartialUserInfoDto [D:\Workspace\Personal\JMMinistry\JMMinistry.Application\JMMinistry.Application.csproj]
D:\Workspace\Personal\JMMinistry\JMMinistry.Application\Mappers\MapperProfile.cs(21,9): warning RMG020: The member ClassAttendances on the mapping source type JMMinistry.Domain.PersonalInfo is not mapped to any member on the mapping target type JMMinistry.Common.Dtos.User.PartialUserInfoDto [D:\Workspace\Personal\JMMinistry\JMMinistry.Application\JMMinistry.Application.csproj]
D:\Workspace\Personal\JMMinistry\JMMinistry.Application\Mappers\MapperProfile.cs(21,9): warning RMG020: The member Classes on the mapping source type JMMinistry.Domain.PersonalInfo is not mapped to any member on the mapping target type JMMinistry.Common.Dtos.User.PartialUserInfoDto [D:\Workspace\Personal\JMMinistry\JMMinistry.Application\JMMinistry.Application.csproj]
D:\Workspace\Personal\JMMinistry\JMMinistry.Application\Mappers\MapperProfile.cs(21,9): warning RMG020: The member Conventions on the mapping source type JMMinistry.Domain.PersonalInfo is not mapped to any member on the mapping target type JMMinistry.Common.Dtos.User.PartialUserInfoDto [D:\Workspace\Personal\JMMinistry\JMMinistry.Application\JMMinistry.Application.csproj]
D:\Workspace\Personal\JMMinistry\JMMinistry.Application\Mappers\MapperProfile.cs(21,9): warning RMG020: The member ConventionInvites on the mapping source type JMMinistry.Domain.PersonalInfo is not mapped to any member on the mapping target type JMMinistry.Common.Dtos.User.PartialUserInfoDto [D:\Workspace\Personal\JMMinistry\JMMinistry.Application\JMMinistry.Application.csproj]
D:\Workspace\Personal\JMMinistry\JMMinistry.Application\Mappers\MapperProfile.cs(21,9): warning RMG020: The member UserRoles on the mapping source type JMMinistry.Domain.PersonalInfo is not mapped to any member on the mapping target type JMMinistry.Common.Dtos.User.PartialUserInfoDto [D:\Workspace\Personal\JMMinistry\JMMinistry.Application\JMMinistry.Application.csproj]
D:\Workspace\Personal\JMMinistry\JMMinistry.Application\Mappers\MapperProfile.cs(21,9): warning RMG020: The member Gained on the mapping source type JMMinistry.Domain.PersonalInfo is not mapped to any member on the mapping target type JMMinistry.Common.Dtos.User.PartialUserInfoDto [D:\Workspace\Personal\JMMinistry\JMMinistry.Application\JMMinistry.Application.csproj]
D:\Workspace\Personal\JMMinistry\JMMinistry.Application\Mappers\MapperProfile.cs(21,9): warning RMG020: The member UserName on the mapping source type JMMinistry.Domain.PersonalInfo is not mapped to any member on the mapping target type JMMinistry.Common.Dtos.User.PartialUserInfoDto [D:\Workspace\Personal\JMMinistry\JMMinistry.Application\JMMinistry.Application.csproj]
D:\Workspace\Personal\JMMinistry\JMMinistry.Application\Mappers\MapperProfile.cs(21,9): warning RMG020: The member NormalizedUserName on the mapping source type JMMinistry.Domain.PersonalInfo is not mapped to any member on the mapping target type JMMinistry.Common.Dtos.User.PartialUserInfoDto [D:\Workspace\Personal\JMMinistry\JMMinistry.Application\JMMinistry.Application.csproj]
D:\Workspace\Personal\JMMinistry\JMMinistry.Application\Mappers\MapperProfile.cs(21,9): warning RMG020: The member Email on the mapping source type JMMinistry.Domain.PersonalInfo is not mapped to any member on the mapping target type JMMinistry.Common.Dtos.User.PartialUserInfoDto [D:\Workspace\Personal\JMMinistry\JMMinistry.Application\JMMinistry.Application.csproj]
D:\Workspace\Personal\JMMinistry\JMMinistry.Application\Mappers\MapperProfile.cs(21,9): warning RMG020: The member NormalizedEmail on the mapping source type JMMinistry.Domain.PersonalInfo is not mapped to any member on the mapping target type JMMinistry.Common.Dtos.User.PartialUserInfoDto [D:\Workspace\Personal\JMMinistry\JMMinistry.Application\JMMinistry.Application.csproj]
D:\Workspace\Personal\JMMinistry\JMMinistry.Application\Mappers\MapperProfile.cs(21,9): warning RMG020: The member EmailConfirmed on the mapping source type JMMinistry.Domain.PersonalInfo is not mapped to any member on the mapping target type JMMinistry.Common.Dtos.User.PartialUserInfoDto [D:\Workspace\Personal\JMMinistry\JMMinistry.Application\JMMinistry.Application.csproj]
D:\Workspace\Personal\JMMinistry\JMMinistry.Application\Mappers\MapperProfile.cs(21,9): warning RMG020: The member PasswordHash on the mapping source type JMMinistry.Domain.PersonalInfo is not mapped to any member on the mapping target type JMMinistry.Common.Dtos.User.PartialUserInfoDto [D:\Workspace\Personal\JMMinistry\JMMinistry.Application\JMMinistry.Application.csproj]
D:\Workspace\Personal\JMMinistry\JMMinistry.Application\Mappers\MapperProfile.cs(21,9): warning RMG020: The member SecurityStamp on the mapping source type JMMinistry.Domain.PersonalInfo is not mapped to any member on the mapping target type JMMinistry.Common.Dtos.User.PartialUserInfoDto [D:\Workspace\Personal\JMMinistry\JMMinistry.Application\JMMinistry.Application.csproj]
D:\Workspace\Personal\JMMinistry\JMMinistry.Application\Mappers\MapperProfile.cs(21,9): warning RMG020: The member ConcurrencyStamp on the mapping source type JMMinistry.Domain.PersonalInfo is not mapped to any member on the mapping target type JMMinistry.Common.Dtos.User.PartialUserInfoDto [D:\Workspace\Personal\JMMinistry\JMMinistry.Application\JMMinistry.Application.csproj]
D:\Workspace\Personal\JMMinistry\JMMinistry.Application\Mappers\MapperProfile.cs(21,9): warning RMG020: The member PhoneNumber on the mapping source type JMMinistry.Domain.PersonalInfo is not mapped to any member on the mapping target type JMMinistry.Common.Dtos.User.PartialUserInfoDto [D:\Workspace\Personal\JMMinistry\JMMinistry.Application\JMMinistry.Application.csproj]
D:\Workspace\Personal\JMMinistry\JMMinistry.Application\Mappers\MapperProfile.cs(21,9): warning RMG020: The member PhoneNumberConfirmed on the mapping source type JMMinistry.Domain.PersonalInfo is not mapped to any member on the mapping target type JMMinistry.Common.Dtos.User.PartialUserInfoDto [D:\Workspace\Personal\JMMinistry\JMMinistry.Application\JMMinistry.Application.csproj]
D:\Workspace\Personal\JMMinistry\JMMinistry.Application\Mappers\MapperProfile.cs(21,9): warning RMG020: The member TwoFactorEnabled on the mapping source type JMMinistry.Domain.PersonalInfo is not mapped to any member on the mapping target type JMMinistry.Common.Dtos.User.PartialUserInfoDto [D:\Workspace\Personal\JMMinistry\JMMinistry.Application\JMMinistry.Application.csproj]
D:\Workspace\Personal\JMMinistry\JMMinistry.Application\Mappers\MapperProfile.cs(21,9): warning RMG020: The member LockoutEnd on the mapping source type JMMinistry.Domain.PersonalInfo is not mapped to any member on the mapping target type JMMinistry.Common.Dtos.User.PartialUserInfoDto [D:\Workspace\Personal\JMMinistry\JMMinistry.Application\JMMinistry.Application.csproj]
D:\Workspace\Personal\JMMinistry\JMMinistry.Application\Mappers\MapperProfile.cs(21,9): warning RMG020: The member LockoutEnabled on the mapping source type JMMinistry.Domain.PersonalInfo is not mapped to any member on the mapping target type JMMinistry.Common.Dtos.User.PartialUserInfoDto [D:\Workspace\Personal\JMMinistry\JMMinistry.Application\JMMinistry.Application.csproj]
D:\Workspace\Personal\JMMinistry\JMMinistry.Application\Mappers\MapperProfile.cs(21,9): warning RMG020: The member AccessFailedCount on the mapping source type JMMinistry.Domain.PersonalInfo is not mapped to any member on the mapping target type JMMinistry.Common.Dtos.User.PartialUserInfoDto [D:\Workspace\Personal\JMMinistry\JMMinistry.Application\JMMinistry.Application.csproj]
D:\Workspace\Personal\JMMinistry\JMMinistry.Application\Mappers\MapperProfile.cs(21,9): warning RMG012: The member Photo on the mapping target type JMMinistry.Common.Dtos.User.PartialUserInfoDto was not found on the mapping source type JMMinistry.Domain.PersonalInfo [D:\Workspace\Personal\JMMinistry\JMMinistry.Application\JMMinistry.Application.csproj]
D:\Workspace\Personal\JMMinistry\JMMinistry.Application\Mappers\MapperProfile.cs(24,9): warning RMG020: The member AccessType on the mapping source type JMMinistry.Common.Dtos.User.UserInfoDto is not mapped to any member on the mapping target type JMMinistry.Domain.PersonalInfo [D:\Workspace\Personal\JMMinistry\JMMinistry.Application\JMMinistry.Application.csproj]
D:\Workspace\Personal\JMMinistry\JMMinistry.Application\Mappers\MapperProfile.cs(24,9): warning RMG020: The member Leaders on the mapping source type JMMinistry.Common.Dtos.User.UserInfoDto is not mapped to any member on the mapping target type JMMinistry.Domain.PersonalInfo [D:\Workspace\Personal\JMMinistry\JMMinistry.Application\JMMinistry.Application.csproj]
D:\Workspace\Personal\JMMinistry\JMMinistry.Application\Mappers\MapperProfile.cs(24,9): warning RMG020: The member Photo on the mapping source type JMMinistry.Common.Dtos.User.UserInfoDto is not mapped to any member on the mapping target type JMMinistry.Domain.PersonalInfo [D:\Workspace\Personal\JMMinistry\JMMinistry.Application\JMMinistry.Application.csproj]
D:\Workspace\Personal\JMMinistry\JMMinistry.Application\Mappers\MapperProfile.cs(24,9): warning RMG012: The member LastAccess on the mapping target type JMMinistry.Domain.PersonalInfo was not found on the mapping source type JMMinistry.Common.Dtos.User.UserInfoDto [D:\Workspace\Personal\JMMinistry\JMMinistry.Application\JMMinistry.Application.csproj]
D:\Workspace\Personal\JMMinistry\JMMinistry.Application\Mappers\MapperProfile.cs(24,9): warning RMG012: The member GainedId on the mapping target type JMMinistry.Domain.PersonalInfo was not found on the mapping source type JMMinistry.Common.Dtos.User.UserInfoDto [D:\Workspace\Personal\JMMinistry\JMMinistry.Application\JMMinistry.Application.csproj]
D:\Workspace\Personal\JMMinistry\JMMinistry.Application\Mappers\MapperProfile.cs(24,9): warning RMG012: The member GainedRecord on the mapping target type JMMinistry.Domain.PersonalInfo was not found on the mapping source type JMMinistry.Common.Dtos.User.UserInfoDto [D:\Workspace\Personal\JMMinistry\JMMinistry.Application\JMMinistry.Application.csproj]
D:\Workspace\Personal\JMMinistry\JMMinistry.Application\Mappers\MapperProfile.cs(24,9): warning RMG012: The member Cell on the mapping target type JMMinistry.Domain.PersonalInfo was not found on the mapping source type JMMinistry.Common.Dtos.User.UserInfoDto [D:\Workspace\Personal\JMMinistry\JMMinistry.Application\JMMinistry.Application.csproj]
D:\Workspace\Personal\JMMinistry\JMMinistry.Application\Mappers\MapperProfile.cs(24,9): warning RMG012: The member CellEnrollmentDate on the mapping target type JMMinistry.Domain.PersonalInfo was not found on the mapping source type JMMinistry.Common.Dtos.User.UserInfoDto [D:\Workspace\Personal\JMMinistry\JMMinistry.Application\JMMinistry.Application.csproj]
D:\Workspace\Personal\JMMinistry\JMMinistry.Application\Mappers\MapperProfile.cs(24,9): warning RMG012: The member Cells on the mapping target type JMMinistry.Domain.PersonalInfo was not found on the mapping source type JMMinistry.Common.Dtos.User.UserInfoDto [D:\Workspace\Personal\JMMinistry\JMMinistry.Application\JMMinistry.Application.csproj]
D:\Workspace\Personal\JMMinistry\JMMinistry.Application\Mappers\MapperProfile.cs(24,9): warning RMG012: The member MeetingAttendances on the mapping target type JMMinistry.Domain.PersonalInfo was not found on the mapping source type JMMinistry.Common.Dtos.User.UserInfoDto [D:\Workspace\Personal\JMMinistry\JMMinistry.Application\JMMinistry.Application.csproj]
D:\Workspace\Personal\JMMinistry\JMMinistry.Application\Mappers\MapperProfile.cs(24,9): warning RMG012: The member CellAttendances on the mapping target type JMMinistry.Domain.PersonalInfo was not found on the mapping source type JMMinistry.Common.Dtos.User.UserInfoDto [D:\Workspace\Personal\JMMinistry\JMMinistry.Application\JMMinistry.Application.csproj]
D:\Workspace\Personal\JMMinistry\JMMinistry.Application\Mappers\MapperProfile.cs(24,9): warning RMG012: The member ClassAttendances on the mapping target type JMMinistry.Domain.PersonalInfo was not found on the mapping source type JMMinistry.Common.Dtos.User.UserInfoDto [D:\Workspace\Personal\JMMinistry\JMMinistry.Application\JMMinistry.Application.csproj]
D:\Workspace\Personal\JMMinistry\JMMinistry.Application\Mappers\MapperProfile.cs(24,9): warning RMG012: The member Classes on the mapping target type JMMinistry.Domain.PersonalInfo was not found on the mapping source type JMMinistry.Common.Dtos.User.UserInfoDto [D:\Workspace\Personal\JMMinistry\JMMinistry.Application\JMMinistry.Application.csproj]
D:\Workspace\Personal\JMMinistry\JMMinistry.Application\Mappers\MapperProfile.cs(24,9): warning RMG012: The member Conventions on the mapping target type JMMinistry.Domain.PersonalInfo was not found on the mapping source type JMMinistry.Common.Dtos.User.UserInfoDto [D:\Workspace\Personal\JMMinistry\JMMinistry.Application\JMMinistry.Application.csproj]
D:\Workspace\Personal\JMMinistry\JMMinistry.Application\Mappers\MapperProfile.cs(24,9): warning RMG012: The member ConventionInvites on the mapping target type JMMinistry.Domain.PersonalInfo was not found on the mapping source type JMMinistry.Common.Dtos.User.UserInfoDto [D:\Workspace\Personal\JMMinistry\JMMinistry.Application\JMMinistry.Application.csproj]
D:\Workspace\Personal\JMMinistry\JMMinistry.Application\Mappers\MapperProfile.cs(24,9): warning RMG012: The member UserRoles on the mapping target type JMMinistry.Domain.PersonalInfo was not found on the mapping source type JMMinistry.Common.Dtos.User.UserInfoDto [D:\Workspace\Personal\JMMinistry\JMMinistry.Application\JMMinistry.Application.csproj]
D:\Workspace\Personal\JMMinistry\JMMinistry.Application\Mappers\MapperProfile.cs(24,9): warning RMG012: The member Gained on the mapping target type JMMinistry.Domain.PersonalInfo was not found on the mapping source type JMMinistry.Common.Dtos.User.UserInfoDto [D:\Workspace\Personal\JMMinistry\JMMinistry.Application\JMMinistry.Application.csproj]
D:\Workspace\Personal\JMMinistry\JMMinistry.Application\Mappers\MapperProfile.cs(24,9): warning RMG012: The member NormalizedUserName on the mapping target type JMMinistry.Domain.PersonalInfo was not found on the mapping source type JMMinistry.Common.Dtos.User.UserInfoDto [D:\Workspace\Personal\JMMinistry\JMMinistry.Application\JMMinistry.Application.csproj]
D:\Workspace\Personal\JMMinistry\JMMinistry.Application\Mappers\MapperProfile.cs(24,9): warning RMG012: The member NormalizedEmail on the mapping target type JMMinistry.Domain.PersonalInfo was not found on the mapping source type JMMinistry.Common.Dtos.User.UserInfoDto [D:\Workspace\Personal\JMMinistry\JMMinistry.Application\JMMinistry.Application.csproj]
D:\Workspace\Personal\JMMinistry\JMMinistry.Application\Mappers\MapperProfile.cs(24,9): warning RMG012: The member EmailConfirmed on the mapping target type JMMinistry.Domain.PersonalInfo was not found on the mapping source type JMMinistry.Common.Dtos.User.UserInfoDto [D:\Workspace\Personal\JMMinistry\JMMinistry.Application\JMMinistry.Application.csproj]
D:\Workspace\Personal\JMMinistry\JMMinistry.Application\Mappers\MapperProfile.cs(24,9): warning RMG012: The member PasswordHash on the mapping target type JMMinistry.Domain.PersonalInfo was not found on the mapping source type JMMinistry.Common.Dtos.User.UserInfoDto [D:\Workspace\Personal\JMMinistry\JMMinistry.Application\JMMinistry.Application.csproj]
D:\Workspace\Personal\JMMinistry\JMMinistry.Application\Mappers\MapperProfile.cs(24,9): warning RMG012: The member SecurityStamp on the mapping target type JMMinistry.Domain.PersonalInfo was not found on the mapping source type JMMinistry.Common.Dtos.User.UserInfoDto [D:\Workspace\Personal\JMMinistry\JMMinistry.Application\JMMinistry.Application.csproj]
D:\Workspace\Personal\JMMinistry\JMMinistry.Application\Mappers\MapperProfile.cs(24,9): warning RMG012: The member ConcurrencyStamp on the mapping target type JMMinistry.Domain.PersonalInfo was not found on the mapping source type JMMinistry.Common.Dtos.User.UserInfoDto [D:\Workspace\Personal\JMMinistry\JMMinistry.Application\JMMinistry.Application.csproj]
D:\Workspace\Personal\JMMinistry\JMMinistry.Application\Mappers\MapperProfile.cs(24,9): warning RMG012: The member PhoneNumber on the mapping target type JMMinistry.Domain.PersonalInfo was not found on the mapping source type JMMinistry.Common.Dtos.User.UserInfoDto [D:\Workspace\Personal\JMMinistry\JMMinistry.Application\JMMinistry.Application.csproj]
D:\Workspace\Personal\JMMinistry\JMMinistry.Application\Mappers\MapperProfile.cs(24,9): warning RMG012: The member PhoneNumberConfirmed on the mapping target type JMMinistry.Domain.PersonalInfo was not found on the mapping source type JMMinistry.Common.Dtos.User.UserInfoDto [D:\Workspace\Personal\JMMinistry\JMMinistry.Application\JMMinistry.Application.csproj]
D:\Workspace\Personal\JMMinistry\JMMinistry.Application\Mappers\MapperProfile.cs(24,9): warning RMG012: The member TwoFactorEnabled on the mapping target type JMMinistry.Domain.PersonalInfo was not found on the mapping source type JMMinistry.Common.Dtos.User.UserInfoDto [D:\Workspace\Personal\JMMinistry\JMMinistry.Application\JMMinistry.Application.csproj]
D:\Workspace\Personal\JMMinistry\JMMinistry.Application\Mappers\MapperProfile.cs(24,9): warning RMG012: The member LockoutEnd on the mapping target type JMMinistry.Domain.PersonalInfo was not found on the mapping source type JMMinistry.Common.Dtos.User.UserInfoDto [D:\Workspace\Personal\JMMinistry\JMMinistry.Application\JMMinistry.Application.csproj]
D:\Workspace\Personal\JMMinistry\JMMinistry.Application\Mappers\MapperProfile.cs(24,9): warning RMG012: The member LockoutEnabled on the mapping target type JMMinistry.Domain.PersonalInfo was not found on the mapping source type JMMinistry.Common.Dtos.User.UserInfoDto [D:\Workspace\Personal\JMMinistry\JMMinistry.Application\JMMinistry.Application.csproj]
D:\Workspace\Personal\JMMinistry\JMMinistry.Application\Mappers\MapperProfile.cs(24,9): warning RMG012: The member AccessFailedCount on the mapping target type JMMinistry.Domain.PersonalInfo was not found on the mapping source type JMMinistry.Common.Dtos.User.UserInfoDto [D:\Workspace\Personal\JMMinistry\JMMinistry.Application\JMMinistry.Application.csproj]
D:\Workspace\Personal\JMMinistry\JMMinistry.Application\Mappers\MapperProfile.cs(29,9): warning RMG020: The member Classes on the mapping source type JMMinistry.Domain.School is not mapped to any member on the mapping target type JMMinistry.Common.Dtos.School.SchoolDto [D:\Workspace\Personal\JMMinistry\JMMinistry.Application\JMMinistry.Application.csproj]
D:\Workspace\Personal\JMMinistry\JMMinistry.Application\Mappers\MapperProfile.cs(30,9): warning RMG012: The member Classes on the mapping target type JMMinistry.Domain.School was not found on the mapping source type JMMinistry.Common.Dtos.School.SchoolDto [D:\Workspace\Personal\JMMinistry\JMMinistry.Application\JMMinistry.Application.csproj]
D:\Workspace\Personal\JMMinistry\JMMinistry.Application\Mappers\MapperProfile.cs(34,9): warning RMG020: The member SchoolId on the mapping source type JMMinistry.Domain.Class is not mapped to any member on the mapping target type JMMinistry.Common.Dtos.Class.ClassDto [D:\Workspace\Personal\JMMinistry\JMMinistry.Application\JMMinistry.Application.csproj]
D:\Workspace\Personal\JMMinistry\JMMinistry.Application\Mappers\MapperProfile.cs(34,9): warning RMG020: The member School on the mapping source type JMMinistry.Domain.Class is not mapped to any member on the mapping target type JMMinistry.Common.Dtos.Class.ClassDto [D:\Workspace\Personal\JMMinistry\JMMinistry.Application\JMMinistry.Application.csproj]
D:\Workspace\Personal\JMMinistry\JMMinistry.Application\Mappers\MapperProfile.cs(34,9): warning RMG020: The member ClassAttendances on the mapping source type JMMinistry.Domain.Class is not mapped to any member on the mapping target type JMMinistry.Common.Dtos.Class.ClassDto [D:\Workspace\Personal\JMMinistry\JMMinistry.Application\JMMinistry.Application.csproj]
D:\Workspace\Personal\JMMinistry\JMMinistry.Application\Mappers\MapperProfile.cs(37,9): warning RMG020: The member CityId on the mapping source type JMMinistry.Domain.Cell is not mapped to any member on the mapping target type JMMinistry.Common.Dtos.Cell.CellDto [D:\Workspace\Personal\JMMinistry\JMMinistry.Application\JMMinistry.Application.csproj]
D:\Workspace\Personal\JMMinistry\JMMinistry.Application\Mappers\MapperProfile.cs(37,9): warning RMG020: The member LocalityId on the mapping source type JMMinistry.Domain.Cell is not mapped to any member on the mapping target type JMMinistry.Common.Dtos.Cell.CellDto [D:\Workspace\Personal\JMMinistry\JMMinistry.Application\JMMinistry.Application.csproj]
D:\Workspace\Personal\JMMinistry\JMMinistry.Application\Mappers\MapperProfile.cs(37,9): warning RMG020: The member Leaders on the mapping source type JMMinistry.Domain.Cell is not mapped to any member on the mapping target type JMMinistry.Common.Dtos.Cell.CellDto [D:\Workspace\Personal\JMMinistry\JMMinistry.Application\JMMinistry.Application.csproj]
D:\Workspace\Personal\JMMinistry\JMMinistry.Application\Mappers\MapperProfile.cs(37,9): warning RMG020: The member Disciples on the mapping source type JMMinistry.Domain.Cell is not mapped to any member on the mapping target type JMMinistry.Common.Dtos.Cell.CellDto [D:\Workspace\Personal\JMMinistry\JMMinistry.Application\JMMinistry.Application.csproj]
D:\Workspace\Personal\JMMinistry\JMMinistry.Application\Mappers\MapperProfile.cs(38,9): warning RMG012: The member Leaders on the mapping target type JMMinistry.Domain.Cell was not found on the mapping source type JMMinistry.Common.Dtos.Cell.CellDto [D:\Workspace\Personal\JMMinistry\JMMinistry.Application\JMMinistry.Application.csproj]
D:\Workspace\Personal\JMMinistry\JMMinistry.Application\Mappers\MapperProfile.cs(38,9): warning RMG012: The member Disciples on the mapping target type JMMinistry.Domain.Cell was not found on the mapping source type JMMinistry.Common.Dtos.Cell.CellDto [D:\Workspace\Personal\JMMinistry\JMMinistry.Application\JMMinistry.Application.csproj]
D:\Workspace\Personal\JMMinistry\JMMinistry.Application\Mappers\MapperProfile.cs(41,9): warning RMG020: The member Petition on the mapping source type JMMinistry.Common.Dtos.Gained.CreateGainedUser is not mapped to any member on the mapping target type JMMinistry.Domain.PersonalInfo [D:\Workspace\Personal\JMMinistry\JMMinistry.Application\JMMinistry.Application.csproj]
D:\Workspace\Personal\JMMinistry\JMMinistry.Application\Mappers\MapperProfile.cs(41,9): warning RMG020: The member Photo on the mapping source type JMMinistry.Common.Dtos.Gained.CreateGainedUser is not mapped to any member on the mapping target type JMMinistry.Domain.PersonalInfo [D:\Workspace\Personal\JMMinistry\JMMinistry.Application\JMMinistry.Application.csproj]
D:\Workspace\Personal\JMMinistry\JMMinistry.Application\Mappers\MapperProfile.cs(41,9): warning RMG012: The member City on the mapping target type JMMinistry.Domain.PersonalInfo was not found on the mapping source type JMMinistry.Common.Dtos.Gained.CreateGainedUser [D:\Workspace\Personal\JMMinistry\JMMinistry.Application\JMMinistry.Application.csproj]
D:\Workspace\Personal\JMMinistry\JMMinistry.Application\Mappers\MapperProfile.cs(41,9): warning RMG012: The member Address on the mapping target type JMMinistry.Domain.PersonalInfo was not found on the mapping source type JMMinistry.Common.Dtos.Gained.CreateGainedUser [D:\Workspace\Personal\JMMinistry\JMMinistry.Application\JMMinistry.Application.csproj]
D:\Workspace\Personal\JMMinistry\JMMinistry.Application\Mappers\MapperProfile.cs(41,9): warning RMG012: The member EducationalLevel on the mapping target type JMMinistry.Domain.PersonalInfo was not found on the mapping source type JMMinistry.Common.Dtos.Gained.CreateGainedUser [D:\Workspace\Personal\JMMinistry\JMMinistry.Application\JMMinistry.Application.csproj]
D:\Workspace\Personal\JMMinistry\JMMinistry.Application\Mappers\MapperProfile.cs(41,9): warning RMG012: The member Profession on the mapping target type JMMinistry.Domain.PersonalInfo was not found on the mapping source type JMMinistry.Common.Dtos.Gained.CreateGainedUser [D:\Workspace\Personal\JMMinistry\JMMinistry.Application\JMMinistry.Application.csproj]
D:\Workspace\Personal\JMMinistry\JMMinistry.Application\Mappers\MapperProfile.cs(41,9): warning RMG012: The member Occupation on the mapping target type JMMinistry.Domain.PersonalInfo was not found on the mapping source type JMMinistry.Common.Dtos.Gained.CreateGainedUser [D:\Workspace\Personal\JMMinistry\JMMinistry.Application\JMMinistry.Application.csproj]
D:\Workspace\Personal\JMMinistry\JMMinistry.Application\Mappers\MapperProfile.cs(41,9): warning RMG012: The member MaritalStatus on the mapping target type JMMinistry.Domain.PersonalInfo was not found on the mapping source type JMMinistry.Common.Dtos.Gained.CreateGainedUser [D:\Workspace\Personal\JMMinistry\JMMinistry.Application\JMMinistry.Application.csproj]
D:\Workspace\Personal\JMMinistry\JMMinistry.Application\Mappers\MapperProfile.cs(41,9): warning RMG012: The member Birthday on the mapping target type JMMinistry.Domain.PersonalInfo was not found on the mapping source type JMMinistry.Common.Dtos.Gained.CreateGainedUser [D:\Workspace\Personal\JMMinistry\JMMinistry.Application\JMMinistry.Application.csproj]
D:\Workspace\Personal\JMMinistry\JMMinistry.Application\Mappers\MapperProfile.cs(41,9): warning RMG012: The member LastAccess on the mapping target type JMMinistry.Domain.PersonalInfo was not found on the mapping source type JMMinistry.Common.Dtos.Gained.CreateGainedUser [D:\Workspace\Personal\JMMinistry\JMMinistry.Application\JMMinistry.Application.csproj]
D:\Workspace\Personal\JMMinistry\JMMinistry.Application\Mappers\MapperProfile.cs(41,9): warning RMG012: The member GainedId on the mapping target type JMMinistry.Domain.PersonalInfo was not found on the mapping source type JMMinistry.Common.Dtos.Gained.CreateGainedUser [D:\Workspace\Personal\JMMinistry\JMMinistry.Application\JMMinistry.Application.csproj]
D:\Workspace\Personal\JMMinistry\JMMinistry.Application\Mappers\MapperProfile.cs(41,9): warning RMG012: The member GainedRecord on the mapping target type JMMinistry.Domain.PersonalInfo was not found on the mapping source type JMMinistry.Common.Dtos.Gained.CreateGainedUser [D:\Workspace\Personal\JMMinistry\JMMinistry.Application\JMMinistry.Application.csproj]
D:\Workspace\Personal\JMMinistry\JMMinistry.Application\Mappers\MapperProfile.cs(41,9): warning RMG012: The member Cell on the mapping target type JMMinistry.Domain.PersonalInfo was not found on the mapping source type JMMinistry.Common.Dtos.Gained.CreateGainedUser [D:\Workspace\Personal\JMMinistry\JMMinistry.Application\JMMinistry.Application.csproj]
D:\Workspace\Personal\JMMinistry\JMMinistry.Application\Mappers\MapperProfile.cs(41,9): warning RMG012: The member CellEnrollmentDate on the mapping target type JMMinistry.Domain.PersonalInfo was not found on the mapping source type JMMinistry.Common.Dtos.Gained.CreateGainedUser [D:\Workspace\Personal\JMMinistry\JMMinistry.Application\JMMinistry.Application.csproj]
D:\Workspace\Personal\JMMinistry\JMMinistry.Application\Mappers\MapperProfile.cs(41,9): warning RMG012: The member Cells on the mapping target type JMMinistry.Domain.PersonalInfo was not found on the mapping source type JMMinistry.Common.Dtos.Gained.CreateGainedUser [D:\Workspace\Personal\JMMinistry\JMMinistry.Application\JMMinistry.Application.csproj]
D:\Workspace\Personal\JMMinistry\JMMinistry.Application\Mappers\MapperProfile.cs(41,9): warning RMG012: The member MeetingAttendances on the mapping target type JMMinistry.Domain.PersonalInfo was not found on the mapping source type JMMinistry.Common.Dtos.Gained.CreateGainedUser [D:\Workspace\Personal\JMMinistry\JMMinistry.Application\JMMinistry.Application.csproj]
D:\Workspace\Personal\JMMinistry\JMMinistry.Application\Mappers\MapperProfile.cs(41,9): warning RMG012: The member CellAttendances on the mapping target type JMMinistry.Domain.PersonalInfo was not found on the mapping source type JMMinistry.Common.Dtos.Gained.CreateGainedUser [D:\Workspace\Personal\JMMinistry\JMMinistry.Application\JMMinistry.Application.csproj]
D:\Workspace\Personal\JMMinistry\JMMinistry.Application\Mappers\MapperProfile.cs(41,9): warning RMG012: The member ClassAttendances on the mapping target type JMMinistry.Domain.PersonalInfo was not found on the mapping source type JMMinistry.Common.Dtos.Gained.CreateGainedUser [D:\Workspace\Personal\JMMinistry\JMMinistry.Application\JMMinistry.Application.csproj]
D:\Workspace\Personal\JMMinistry\JMMinistry.Application\Mappers\MapperProfile.cs(41,9): warning RMG012: The member Classes on the mapping target type JMMinistry.Domain.PersonalInfo was not found on the mapping source type JMMinistry.Common.Dtos.Gained.CreateGainedUser [D:\Workspace\Personal\JMMinistry\JMMinistry.Application\JMMinistry.Application.csproj]
D:\Workspace\Personal\JMMinistry\JMMinistry.Application\Mappers\MapperProfile.cs(41,9): warning RMG012: The member Conventions on the mapping target type JMMinistry.Domain.PersonalInfo was not found on the mapping source type JMMinistry.Common.Dtos.Gained.CreateGainedUser [D:\Workspace\Personal\JMMinistry\JMMinistry.Application\JMMinistry.Application.csproj]
D:\Workspace\Personal\JMMinistry\JMMinistry.Application\Mappers\MapperProfile.cs(41,9): warning RMG012: The member ConventionInvites on the mapping target type JMMinistry.Domain.PersonalInfo was not found on the mapping source type JMMinistry.Common.Dtos.Gained.CreateGainedUser [D:\Workspace\Personal\JMMinistry\JMMinistry.Application\JMMinistry.Application.csproj]
D:\Workspace\Personal\JMMinistry\JMMinistry.Application\Mappers\MapperProfile.cs(41,9): warning RMG012: The member UserRoles on the mapping target type JMMinistry.Domain.PersonalInfo was not found on the mapping source type JMMinistry.Common.Dtos.Gained.CreateGainedUser [D:\Workspace\Personal\JMMinistry\JMMinistry.Application\JMMinistry.Application.csproj]
D:\Workspace\Personal\JMMinistry\JMMinistry.Application\Mappers\MapperProfile.cs(41,9): warning RMG012: The member Gained on the mapping target type JMMinistry.Domain.PersonalInfo was not found on the mapping source type JMMinistry.Common.Dtos.Gained.CreateGainedUser [D:\Workspace\Personal\JMMinistry\JMMinistry.Application\JMMinistry.Application.csproj]
D:\Workspace\Personal\JMMinistry\JMMinistry.Application\Mappers\MapperProfile.cs(41,9): warning RMG012: The member NormalizedUserName on the mapping target type JMMinistry.Domain.PersonalInfo was not found on the mapping source type JMMinistry.Common.Dtos.Gained.CreateGainedUser [D:\Workspace\Personal\JMMinistry\JMMinistry.Application\JMMinistry.Application.csproj]
D:\Workspace\Personal\JMMinistry\JMMinistry.Application\Mappers\MapperProfile.cs(41,9): warning RMG012: The member Email on the mapping target type JMMinistry.Domain.PersonalInfo was not found on the mapping source type JMMinistry.Common.Dtos.Gained.CreateGainedUser [D:\Workspace\Personal\JMMinistry\JMMinistry.Application\JMMinistry.Application.csproj]
D:\Workspace\Personal\JMMinistry\JMMinistry.Application\Mappers\MapperProfile.cs(41,9): warning RMG012: The member NormalizedEmail on the mapping target type JMMinistry.Domain.PersonalInfo was not found on the mapping source type JMMinistry.Common.Dtos.Gained.CreateGainedUser [D:\Workspace\Personal\JMMinistry\JMMinistry.Application\JMMinistry.Application.csproj]
D:\Workspace\Personal\JMMinistry\JMMinistry.Application\Mappers\MapperProfile.cs(41,9): warning RMG012: The member EmailConfirmed on the mapping target type JMMinistry.Domain.PersonalInfo was not found on the mapping source type JMMinistry.Common.Dtos.Gained.CreateGainedUser [D:\Workspace\Personal\JMMinistry\JMMinistry.Application\JMMinistry.Application.csproj]
D:\Workspace\Personal\JMMinistry\JMMinistry.Application\Mappers\MapperProfile.cs(41,9): warning RMG012: The member PasswordHash on the mapping target type JMMinistry.Domain.PersonalInfo was not found on the mapping source type JMMinistry.Common.Dtos.Gained.CreateGainedUser [D:\Workspace\Personal\JMMinistry\JMMinistry.Application\JMMinistry.Application.csproj]
D:\Workspace\Personal\JMMinistry\JMMinistry.Application\Mappers\MapperProfile.cs(41,9): warning RMG012: The member SecurityStamp on the mapping target type JMMinistry.Domain.PersonalInfo was not found on the mapping source type JMMinistry.Common.Dtos.Gained.CreateGainedUser [D:\Workspace\Personal\JMMinistry\JMMinistry.Application\JMMinistry.Application.csproj]
D:\Workspace\Personal\JMMinistry\JMMinistry.Application\Mappers\MapperProfile.cs(41,9): warning RMG012: The member ConcurrencyStamp on the mapping target type JMMinistry.Domain.PersonalInfo was not found on the mapping source type JMMinistry.Common.Dtos.Gained.CreateGainedUser [D:\Workspace\Personal\JMMinistry\JMMinistry.Application\JMMinistry.Application.csproj]
D:\Workspace\Personal\JMMinistry\JMMinistry.Application\Mappers\MapperProfile.cs(41,9): warning RMG012: The member PhoneNumber on the mapping target type JMMinistry.Domain.PersonalInfo was not found on the mapping source type JMMinistry.Common.Dtos.Gained.CreateGainedUser [D:\Workspace\Personal\JMMinistry\JMMinistry.Application\JMMinistry.Application.csproj]
D:\Workspace\Personal\JMMinistry\JMMinistry.Application\Mappers\MapperProfile.cs(41,9): warning RMG012: The member PhoneNumberConfirmed on the mapping target type JMMinistry.Domain.PersonalInfo was not found on the mapping source type JMMinistry.Common.Dtos.Gained.CreateGainedUser [D:\Workspace\Personal\JMMinistry\JMMinistry.Application\JMMinistry.Application.csproj]
D:\Workspace\Personal\JMMinistry\JMMinistry.Application\Mappers\MapperProfile.cs(41,9): warning RMG012: The member TwoFactorEnabled on the mapping target type JMMinistry.Domain.PersonalInfo was not found on the mapping source type JMMinistry.Common.Dtos.Gained.CreateGainedUser [D:\Workspace\Personal\JMMinistry\JMMinistry.Application\JMMinistry.Application.csproj]
D:\Workspace\Personal\JMMinistry\JMMinistry.Application\Mappers\MapperProfile.cs(41,9): warning RMG012: The member LockoutEnd on the mapping target type JMMinistry.Domain.PersonalInfo was not found on the mapping source type JMMinistry.Common.Dtos.Gained.CreateGainedUser [D:\Workspace\Personal\JMMinistry\JMMinistry.Application\JMMinistry.Application.csproj]
D:\Workspace\Personal\JMMinistry\JMMinistry.Application\Mappers\MapperProfile.cs(41,9): warning RMG012: The member LockoutEnabled on the mapping target type JMMinistry.Domain.PersonalInfo was not found on the mapping source type JMMinistry.Common.Dtos.Gained.CreateGainedUser [D:\Workspace\Personal\JMMinistry\JMMinistry.Application\JMMinistry.Application.csproj]
D:\Workspace\Personal\JMMinistry\JMMinistry.Application\Mappers\MapperProfile.cs(41,9): warning RMG012: The member AccessFailedCount on the mapping target type JMMinistry.Domain.PersonalInfo was not found on the mapping source type JMMinistry.Common.Dtos.Gained.CreateGainedUser [D:\Workspace\Personal\JMMinistry\JMMinistry.Application\JMMinistry.Application.csproj]
D:\Workspace\Personal\JMMinistry\JMMinistry.Application\Mappers\MapperProfile.cs(46,9): warning RMG020: The member City on the mapping source type JMMinistry.Domain.PersonalInfo is not mapped to any member on the mapping target type JMMinistry.Common.Dtos.Gained.GainedUser [D:\Workspace\Personal\JMMinistry\JMMinistry.Application\JMMinistry.Application.csproj]
D:\Workspace\Personal\JMMinistry\JMMinistry.Application\Mappers\MapperProfile.cs(46,9): warning RMG020: The member Address on the mapping source type JMMinistry.Domain.PersonalInfo is not mapped to any member on the mapping target type JMMinistry.Common.Dtos.Gained.GainedUser [D:\Workspace\Personal\JMMinistry\JMMinistry.Application\JMMinistry.Application.csproj]
D:\Workspace\Personal\JMMinistry\JMMinistry.Application\Mappers\MapperProfile.cs(46,9): warning RMG020: The member EducationalLevel on the mapping source type JMMinistry.Domain.PersonalInfo is not mapped to any member on the mapping target type JMMinistry.Common.Dtos.Gained.GainedUser [D:\Workspace\Personal\JMMinistry\JMMinistry.Application\JMMinistry.Application.csproj]
D:\Workspace\Personal\JMMinistry\JMMinistry.Application\Mappers\MapperProfile.cs(46,9): warning RMG020: The member Profession on the mapping source type JMMinistry.Domain.PersonalInfo is not mapped to any member on the mapping target type JMMinistry.Common.Dtos.Gained.GainedUser [D:\Workspace\Personal\JMMinistry\JMMinistry.Application\JMMinistry.Application.csproj]
D:\Workspace\Personal\JMMinistry\JMMinistry.Application\Mappers\MapperProfile.cs(46,9): warning RMG020: The member Occupation on the mapping source type JMMinistry.Domain.PersonalInfo is not mapped to any member on the mapping target type JMMinistry.Common.Dtos.Gained.GainedUser [D:\Workspace\Personal\JMMinistry\JMMinistry.Application\JMMinistry.Application.csproj]
D:\Workspace\Personal\JMMinistry\JMMinistry.Application\Mappers\MapperProfile.cs(46,9): warning RMG020: The member MaritalStatus on the mapping source type JMMinistry.Domain.PersonalInfo is not mapped to any member on the mapping target type JMMinistry.Common.Dtos.Gained.GainedUser [D:\Workspace\Personal\JMMinistry\JMMinistry.Application\JMMinistry.Application.csproj]
D:\Workspace\Personal\JMMinistry\JMMinistry.Application\Mappers\MapperProfile.cs(46,9): warning RMG020: The member Birthday on the mapping source type JMMinistry.Domain.PersonalInfo is not mapped to any member on the mapping target type JMMinistry.Common.Dtos.Gained.GainedUser [D:\Workspace\Personal\JMMinistry\JMMinistry.Application\JMMinistry.Application.csproj]
D:\Workspace\Personal\JMMinistry\JMMinistry.Application\Mappers\MapperProfile.cs(46,9): warning RMG020: The member LastAccess on the mapping source type JMMinistry.Domain.PersonalInfo is not mapped to any member on the mapping target type JMMinistry.Common.Dtos.Gained.GainedUser [D:\Workspace\Personal\JMMinistry\JMMinistry.Application\JMMinistry.Application.csproj]
D:\Workspace\Personal\JMMinistry\JMMinistry.Application\Mappers\MapperProfile.cs(46,9): warning RMG020: The member GainedId on the mapping source type JMMinistry.Domain.PersonalInfo is not mapped to any member on the mapping target type JMMinistry.Common.Dtos.Gained.GainedUser [D:\Workspace\Personal\JMMinistry\JMMinistry.Application\JMMinistry.Application.csproj]
D:\Workspace\Personal\JMMinistry\JMMinistry.Application\Mappers\MapperProfile.cs(46,9): warning RMG020: The member GainedRecord on the mapping source type JMMinistry.Domain.PersonalInfo is not mapped to any member on the mapping target type JMMinistry.Common.Dtos.Gained.GainedUser [D:\Workspace\Personal\JMMinistry\JMMinistry.Application\JMMinistry.Application.csproj]
D:\Workspace\Personal\JMMinistry\JMMinistry.Application\Mappers\MapperProfile.cs(46,9): warning RMG020: The member Cell on the mapping source type JMMinistry.Domain.PersonalInfo is not mapped to any member on the mapping target type JMMinistry.Common.Dtos.Gained.GainedUser [D:\Workspace\Personal\JMMinistry\JMMinistry.Application\JMMinistry.Application.csproj]
D:\Workspace\Personal\JMMinistry\JMMinistry.Application\Mappers\MapperProfile.cs(46,9): warning RMG020: The member CellEnrollmentDate on the mapping source type JMMinistry.Domain.PersonalInfo is not mapped to any member on the mapping target type JMMinistry.Common.Dtos.Gained.GainedUser [D:\Workspace\Personal\JMMinistry\JMMinistry.Application\JMMinistry.Application.csproj]
D:\Workspace\Personal\JMMinistry\JMMinistry.Application\Mappers\MapperProfile.cs(46,9): warning RMG020: The member Cells on the mapping source type JMMinistry.Domain.PersonalInfo is not mapped to any member on the mapping target type JMMinistry.Common.Dtos.Gained.GainedUser [D:\Workspace\Personal\JMMinistry\JMMinistry.Application\JMMinistry.Application.csproj]
D:\Workspace\Personal\JMMinistry\JMMinistry.Application\Mappers\MapperProfile.cs(46,9): warning RMG020: The member MeetingAttendances on the mapping source type JMMinistry.Domain.PersonalInfo is not mapped to any member on the mapping target type JMMinistry.Common.Dtos.Gained.GainedUser [D:\Workspace\Personal\JMMinistry\JMMinistry.Application\JMMinistry.Application.csproj]
D:\Workspace\Personal\JMMinistry\JMMinistry.Application\Mappers\MapperProfile.cs(46,9): warning RMG020: The member CellAttendances on the mapping source type JMMinistry.Domain.PersonalInfo is not mapped to any member on the mapping target type JMMinistry.Common.Dtos.Gained.GainedUser [D:\Workspace\Personal\JMMinistry\JMMinistry.Application\JMMinistry.Application.csproj]
D:\Workspace\Personal\JMMinistry\JMMinistry.Application\Mappers\MapperProfile.cs(46,9): warning RMG020: The member ClassAttendances on the mapping source type JMMinistry.Domain.PersonalInfo is not mapped to any member on the mapping target type JMMinistry.Common.Dtos.Gained.GainedUser [D:\Workspace\Personal\JMMinistry\JMMinistry.Application\JMMinistry.Application.csproj]
D:\Workspace\Personal\JMMinistry\JMMinistry.Application\Mappers\MapperProfile.cs(46,9): warning RMG020: The member Classes on the mapping source type JMMinistry.Domain.PersonalInfo is not mapped to any member on the mapping target type JMMinistry.Common.Dtos.Gained.GainedUser [D:\Workspace\Personal\JMMinistry\JMMinistry.Application\JMMinistry.Application.csproj]
D:\Workspace\Personal\JMMinistry\JMMinistry.Application\Mappers\MapperProfile.cs(46,9): warning RMG020: The member Conventions on the mapping source type JMMinistry.Domain.PersonalInfo is not mapped to any member on the mapping target type JMMinistry.Common.Dtos.Gained.GainedUser [D:\Workspace\Personal\JMMinistry\JMMinistry.Application\JMMinistry.Application.csproj]
D:\Workspace\Personal\JMMinistry\JMMinistry.Application\Mappers\MapperProfile.cs(46,9): warning RMG020: The member ConventionInvites on the mapping source type JMMinistry.Domain.PersonalInfo is not mapped to any member on the mapping target type JMMinistry.Common.Dtos.Gained.GainedUser [D:\Workspace\Personal\JMMinistry\JMMinistry.Application\JMMinistry.Application.csproj]
D:\Workspace\Personal\JMMinistry\JMMinistry.Application\Mappers\MapperProfile.cs(46,9): warning RMG020: The member UserRoles on the mapping source type JMMinistry.Domain.PersonalInfo is not mapped to any member on the mapping target type JMMinistry.Common.Dtos.Gained.GainedUser [D:\Workspace\Personal\JMMinistry\JMMinistry.Application\JMMinistry.Application.csproj]
D:\Workspace\Personal\JMMinistry\JMMinistry.Application\Mappers\MapperProfile.cs(46,9): warning RMG020: The member Gained on the mapping source type JMMinistry.Domain.PersonalInfo is not mapped to any member on the mapping target type JMMinistry.Common.Dtos.Gained.GainedUser [D:\Workspace\Personal\JMMinistry\JMMinistry.Application\JMMinistry.Application.csproj]
D:\Workspace\Personal\JMMinistry\JMMinistry.Application\Mappers\MapperProfile.cs(46,9): warning RMG020: The member UserName on the mapping source type JMMinistry.Domain.PersonalInfo is not mapped to any member on the mapping target type JMMinistry.Common.Dtos.Gained.GainedUser [D:\Workspace\Personal\JMMinistry\JMMinistry.Application\JMMinistry.Application.csproj]
D:\Workspace\Personal\JMMinistry\JMMinistry.Application\Mappers\MapperProfile.cs(46,9): warning RMG020: The member NormalizedUserName on the mapping source type JMMinistry.Domain.PersonalInfo is not mapped to any member on the mapping target type JMMinistry.Common.Dtos.Gained.GainedUser [D:\Workspace\Personal\JMMinistry\JMMinistry.Application\JMMinistry.Application.csproj]
D:\Workspace\Personal\JMMinistry\JMMinistry.Application\Mappers\MapperProfile.cs(46,9): warning RMG020: The member Email on the mapping source type JMMinistry.Domain.PersonalInfo is not mapped to any member on the mapping target type JMMinistry.Common.Dtos.Gained.GainedUser [D:\Workspace\Personal\JMMinistry\JMMinistry.Application\JMMinistry.Application.csproj]
D:\Workspace\Personal\JMMinistry\JMMinistry.Application\Mappers\MapperProfile.cs(46,9): warning RMG020: The member NormalizedEmail on the mapping source type JMMinistry.Domain.PersonalInfo is not mapped to any member on the mapping target type JMMinistry.Common.Dtos.Gained.GainedUser [D:\Workspace\Personal\JMMinistry\JMMinistry.Application\JMMinistry.Application.csproj]
D:\Workspace\Personal\JMMinistry\JMMinistry.Application\Mappers\MapperProfile.cs(46,9): warning RMG020: The member EmailConfirmed on the mapping source type JMMinistry.Domain.PersonalInfo is not mapped to any member on the mapping target type JMMinistry.Common.Dtos.Gained.GainedUser [D:\Workspace\Personal\JMMinistry\JMMinistry.Application\JMMinistry.Application.csproj]
D:\Workspace\Personal\JMMinistry\JMMinistry.Application\Mappers\MapperProfile.cs(46,9): warning RMG020: The member PasswordHash on the mapping source type JMMinistry.Domain.PersonalInfo is not mapped to any member on the mapping target type JMMinistry.Common.Dtos.Gained.GainedUser [D:\Workspace\Personal\JMMinistry\JMMinistry.Application\JMMinistry.Application.csproj]
D:\Workspace\Personal\JMMinistry\JMMinistry.Application\Mappers\MapperProfile.cs(46,9): warning RMG020: The member SecurityStamp on the mapping source type JMMinistry.Domain.PersonalInfo is not mapped to any member on the mapping target type JMMinistry.Common.Dtos.Gained.GainedUser [D:\Workspace\Personal\JMMinistry\JMMinistry.Application\JMMinistry.Application.csproj]
D:\Workspace\Personal\JMMinistry\JMMinistry.Application\Mappers\MapperProfile.cs(46,9): warning RMG020: The member ConcurrencyStamp on the mapping source type JMMinistry.Domain.PersonalInfo is not mapped to any member on the mapping target type JMMinistry.Common.Dtos.Gained.GainedUser [D:\Workspace\Personal\JMMinistry\JMMinistry.Application\JMMinistry.Application.csproj]
D:\Workspace\Personal\JMMinistry\JMMinistry.Application\Mappers\MapperProfile.cs(46,9): warning RMG020: The member PhoneNumber on the mapping source type JMMinistry.Domain.PersonalInfo is not mapped to any member on the mapping target type JMMinistry.Common.Dtos.Gained.GainedUser [D:\Workspace\Personal\JMMinistry\JMMinistry.Application\JMMinistry.Application.csproj]
D:\Workspace\Personal\JMMinistry\JMMinistry.Application\Mappers\MapperProfile.cs(46,9): warning RMG020: The member PhoneNumberConfirmed on the mapping source type JMMinistry.Domain.PersonalInfo is not mapped to any member on the mapping target type JMMinistry.Common.Dtos.Gained.GainedUser [D:\Workspace\Personal\JMMinistry\JMMinistry.Application\JMMinistry.Application.csproj]
D:\Workspace\Personal\JMMinistry\JMMinistry.Application\Mappers\MapperProfile.cs(46,9): warning RMG020: The member TwoFactorEnabled on the mapping source type JMMinistry.Domain.PersonalInfo is not mapped to any member on the mapping target type JMMinistry.Common.Dtos.Gained.GainedUser [D:\Workspace\Personal\JMMinistry\JMMinistry.Application\JMMinistry.Application.csproj]
D:\Workspace\Personal\JMMinistry\JMMinistry.Application\Mappers\MapperProfile.cs(46,9): warning RMG020: The member LockoutEnd on the mapping source type JMMinistry.Domain.PersonalInfo is not mapped to any member on the mapping target type JMMinistry.Common.Dtos.Gained.GainedUser [D:\Workspace\Personal\JMMinistry\JMMinistry.Application\JMMinistry.Application.csproj]
D:\Workspace\Personal\JMMinistry\JMMinistry.Application\Mappers\MapperProfile.cs(46,9): warning RMG020: The member LockoutEnabled on the mapping source type JMMinistry.Domain.PersonalInfo is not mapped to any member on the mapping target type JMMinistry.Common.Dtos.Gained.GainedUser [D:\Workspace\Personal\JMMinistry\JMMinistry.Application\JMMinistry.Application.csproj]
D:\Workspace\Personal\JMMinistry\JMMinistry.Application\Mappers\MapperProfile.cs(46,9): warning RMG020: The member AccessFailedCount on the mapping source type JMMinistry.Domain.PersonalInfo is not mapped to any member on the mapping target type JMMinistry.Common.Dtos.Gained.GainedUser [D:\Workspace\Personal\JMMinistry\JMMinistry.Application\JMMinistry.Application.csproj]
D:\Workspace\Personal\JMMinistry\JMMinistry.Application\Mappers\MapperProfile.cs(46,9): warning RMG012: The member Events on the mapping target type JMMinistry.Common.Dtos.Gained.GainedUser was not found on the mapping source type JMMinistry.Domain.PersonalInfo [D:\Workspace\Personal\JMMinistry\JMMinistry.Application\JMMinistry.Application.csproj]
D:\Workspace\Personal\JMMinistry\JMMinistry.Application\Mappers\MapperProfile.cs(46,9): warning RMG012: The member Petition on the mapping target type JMMinistry.Common.Dtos.Gained.GainedUser was not found on the mapping source type JMMinistry.Domain.PersonalInfo [D:\Workspace\Personal\JMMinistry\JMMinistry.Application\JMMinistry.Application.csproj]
D:\Workspace\Personal\JMMinistry\JMMinistry.Application\Mappers\MapperProfile.cs(46,9): warning RMG012: The member Photo on the mapping target type JMMinistry.Common.Dtos.Gained.GainedUser was not found on the mapping source type JMMinistry.Domain.PersonalInfo [D:\Workspace\Personal\JMMinistry\JMMinistry.Application\JMMinistry.Application.csproj]
D:\Workspace\Personal\JMMinistry\JMMinistry.Application\Mappers\MapperProfile.cs(58,9): warning RMG020: The member GainedId on the mapping source type JMMinistry.Domain.GainedEvent is not mapped to any member on the mapping target type JMMinistry.Common.Dtos.Gained.GainedEvent [D:\Workspace\Personal\JMMinistry\JMMinistry.Application\JMMinistry.Application.csproj]
D:\Workspace\Personal\JMMinistry\JMMinistry.Application\Mappers\MapperProfile.cs(58,9): warning RMG020: The member Gained on the mapping source type JMMinistry.Domain.GainedEvent is not mapped to any member on the mapping target type JMMinistry.Common.Dtos.Gained.GainedEvent [D:\Workspace\Personal\JMMinistry\JMMinistry.Application\JMMinistry.Application.csproj]
D:\Workspace\Personal\JMMinistry\JMMinistry.Application\Mappers\MapperProfile.cs(58,9): warning RMG020: The member Date on the mapping source type JMMinistry.Domain.GainedEvent is not mapped to any member on the mapping target type JMMinistry.Common.Dtos.Gained.GainedEvent [D:\Workspace\Personal\JMMinistry\JMMinistry.Application\JMMinistry.Application.csproj]
D:\Workspace\Personal\JMMinistry\JMMinistry.Application\Mappers\MapperProfile.cs(63,9): warning RMG020: The member MeetingTypes on the mapping source type JMMinistry.Common.Dtos.Meetings.CreateMeetingDto is not mapped to any member on the mapping target type JMMinistry.Domain.Meeting [D:\Workspace\Personal\JMMinistry\JMMinistry.Application\JMMinistry.Application.csproj]
D:\Workspace\Personal\JMMinistry\JMMinistry.Application\Mappers\MapperProfile.cs(63,9): warning RMG012: The member Id on the mapping target type JMMinistry.Domain.Meeting was not found on the mapping source type JMMinistry.Common.Dtos.Meetings.CreateMeetingDto [D:\Workspace\Personal\JMMinistry\JMMinistry.Application\JMMinistry.Application.csproj]
D:\Workspace\Personal\JMMinistry\JMMinistry.Application\Mappers\MapperProfile.cs(63,9): warning RMG012: The member MeetingType on the mapping target type JMMinistry.Domain.Meeting was not found on the mapping source type JMMinistry.Common.Dtos.Meetings.CreateMeetingDto [D:\Workspace\Personal\JMMinistry\JMMinistry.Application\JMMinistry.Application.csproj]
D:\Workspace\Personal\JMMinistry\JMMinistry.Application\Mappers\MapperProfile.cs(63,9): warning RMG012: The member MeetingAttendances on the mapping target type JMMinistry.Domain.Meeting was not found on the mapping source type JMMinistry.Common.Dtos.Meetings.CreateMeetingDto [D:\Workspace\Personal\JMMinistry\JMMinistry.Application\JMMinistry.Application.csproj]
D:\Workspace\Personal\JMMinistry\JMMinistry.Application\Mappers\MapperProfile.cs(64,9): warning RMG020: The member Id on the mapping source type JMMinistry.Domain.Meeting is not mapped to any member on the mapping target type JMMinistry.Common.Dtos.Meetings.MeetingDto [D:\Workspace\Personal\JMMinistry\JMMinistry.Application\JMMinistry.Application.csproj]
D:\Workspace\Personal\JMMinistry\JMMinistry.Application\Mappers\MapperProfile.cs(64,9): warning RMG020: The member MeetingType on the mapping source type JMMinistry.Domain.Meeting is not mapped to any member on the mapping target type JMMinistry.Common.Dtos.Meetings.MeetingDto [D:\Workspace\Personal\JMMinistry\JMMinistry.Application\JMMinistry.Application.csproj]
D:\Workspace\Personal\JMMinistry\JMMinistry.Application\Mappers\MapperProfile.cs(64,9): warning RMG020: The member MeetingAttendances on the mapping source type JMMinistry.Domain.Meeting is not mapped to any member on the mapping target type JMMinistry.Common.Dtos.Meetings.MeetingDto [D:\Workspace\Personal\JMMinistry\JMMinistry.Application\JMMinistry.Application.csproj]
D:\Workspace\Personal\JMMinistry\JMMinistry.Application\Mappers\MapperProfile.cs(64,9): warning RMG012: The member MeetingId on the mapping target type JMMinistry.Common.Dtos.Meetings.MeetingDto was not found on the mapping source type JMMinistry.Domain.Meeting [D:\Workspace\Personal\JMMinistry\JMMinistry.Application\JMMinistry.Application.csproj]
D:\Workspace\Personal\JMMinistry\JMMinistry.Application\Mappers\MapperProfile.cs(64,9): warning RMG012: The member MeetingTypes on the mapping target type JMMinistry.Common.Dtos.Meetings.MeetingDto was not found on the mapping source type JMMinistry.Domain.Meeting [D:\Workspace\Personal\JMMinistry\JMMinistry.Application\JMMinistry.Application.csproj]
D:\Workspace\Personal\JMMinistry\JMMinistry.Application\Mappers\MapperProfile.cs(67,9): warning RMG020: The member Id on the mapping source type JMMinistry.Domain.CellAttendance is not mapped to any member on the mapping target type JMMinistry.Common.Dtos.Cell.CellAttendanceDto [D:\Workspace\Personal\JMMinistry\JMMinistry.Application\JMMinistry.Application.csproj]
D:\Workspace\Personal\JMMinistry\JMMinistry.Application\Mappers\MapperProfile.cs(67,9): warning RMG020: The member CellId on the mapping source type JMMinistry.Domain.CellAttendance is not mapped to any member on the mapping target type JMMinistry.Common.Dtos.Cell.CellAttendanceDto [D:\Workspace\Personal\JMMinistry\JMMinistry.Application\JMMinistry.Application.csproj]
D:\Workspace\Personal\JMMinistry\JMMinistry.Application\Mappers\MapperProfile.cs(67,9): warning RMG020: The member Cell on the mapping source type JMMinistry.Domain.CellAttendance is not mapped to any member on the mapping target type JMMinistry.Common.Dtos.Cell.CellAttendanceDto [D:\Workspace\Personal\JMMinistry\JMMinistry.Application\JMMinistry.Application.csproj]
D:\Workspace\Personal\JMMinistry\JMMinistry.Application\Mappers\MapperProfile.cs(67,9): warning RMG012: The member MissingAttendees on the mapping target type JMMinistry.Common.Dtos.Cell.CellAttendanceDto was not found on the mapping source type JMMinistry.Domain.CellAttendance [D:\Workspace\Personal\JMMinistry\JMMinistry.Application\JMMinistry.Application.csproj]
D:\Workspace\Personal\JMMinistry\JMMinistry.Application\Features\Cells\Queries\GetCell\GetCellHandler.cs(19,41): warning CS8604: Possible null reference argument for parameter 'source' in 'CellDto AppMapper.CellToCellDto(Cell source)'. [D:\Workspace\Personal\JMMinistry\JMMinistry.Application\JMMinistry.Application.csproj]
  JMMinistry.Application -> D:\Workspace\Personal\JMMinistry\JMMinistry.Application\bin\Debug\net10.0\JMMinistry.Application.dll

Build succeeded.

CSC : warning CS1668: Invalid search path 'C:\Program Files\Microsoft Visual Studio\2022\Preview\VC\Tools\MSVC\14.41.33923\ATLMFC\lib\x64' specified in 'LIB environment variable' -- 'directory does not exist' [D:\Workspace\Personal\JMMinistry\JMMinistry.Common\JMMinistry.Common.csproj]
CSC : warning CS1668: Invalid search path 'C:\Program Files\Microsoft Visual Studio\2022\Preview\VC\Tools\MSVC\14.41.33923\lib\x64' specified in 'LIB environment variable' -- 'directory does not exist' [D:\Workspace\Personal\JMMinistry\JMMinistry.Common\JMMinistry.Common.csproj]
D:\Workspace\Personal\JMMinistry\JMMinistry.Common\Dtos\Gained\GainedUser.cs(5,34): warning CS8618: Non-nullable property 'Events' must contain a non-null value when exiting constructor. Consider adding the 'required' modifier or declaring the property as nullable. [D:\Workspace\Personal\JMMinistry\JMMinistry.Common\JMMinistry.Common.csproj]
CSC : warning CS1668: Invalid search path 'C:\Program Files\Microsoft Visual Studio\2022\Preview\VC\Tools\MSVC\14.41.33923\ATLMFC\lib\x64' specified in 'LIB environment variable' -- 'directory does not exist' [D:\Workspace\Personal\JMMinistry\JMMinistry.Common\JMMinistry.Common.csproj]
CSC : warning CS1668: Invalid search path 'C:\Program Files\Microsoft Visual Studio\2022\Preview\VC\Tools\MSVC\14.41.33923\lib\x64' specified in 'LIB environment variable' -- 'directory does not exist' [D:\Workspace\Personal\JMMinistry\JMMinistry.Common\JMMinistry.Common.csproj]
CSC : warning CS1668: Invalid search path 'C:\Program Files\Microsoft Visual Studio\2022\Preview\VC\Tools\MSVC\14.41.33923\ATLMFC\lib\x64' specified in 'LIB environment variable' -- 'directory does not exist' [D:\Workspace\Personal\JMMinistry\JMMinistry.Domain\JMMinistry.Domain.csproj]
CSC : warning CS1668: Invalid search path 'C:\Program Files\Microsoft Visual Studio\2022\Preview\VC\Tools\MSVC\14.41.33923\lib\x64' specified in 'LIB environment variable' -- 'directory does not exist' [D:\Workspace\Personal\JMMinistry\JMMinistry.Domain\JMMinistry.Domain.csproj]
D:\Workspace\Personal\JMMinistry\JMMinistry.Domain\Course.cs(12,38): warning CS8618: Non-nullable property 'Schedules' must contain a non-null value when exiting constructor. Consider adding the 'required' modifier or declaring the property as nullable. [D:\Workspace\Personal\JMMinistry\JMMinistry.Domain\JMMinistry.Domain.csproj]
CSC : warning CS1668: Invalid search path 'C:\Program Files\Microsoft Visual Studio\2022\Preview\VC\Tools\MSVC\14.41.33923\ATLMFC\lib\x64' specified in 'LIB environment variable' -- 'directory does not exist' [D:\Workspace\Personal\JMMinistry\JMMinistry.Application\JMMinistry.Application.csproj]
CSC : warning CS1668: Invalid search path 'C:\Program Files\Microsoft Visual Studio\2022\Preview\VC\Tools\MSVC\14.41.33923\lib\x64' specified in 'LIB environment variable' -- 'directory does not exist' [D:\Workspace\Personal\JMMinistry\JMMinistry.Application\JMMinistry.Application.csproj]
D:\Workspace\Personal\JMMinistry\JMMinistry.Application\Mappers\MapperProfile.cs(18,9): warning RMG020: The member LastAccess on the mapping source type JMMinistry.Domain.PersonalInfo is not mapped to any member on the mapping target type JMMinistry.Common.Dtos.User.UserInfoDto [D:\Workspace\Personal\JMMinistry\JMMinistry.Application\JMMinistry.Application.csproj]
D:\Workspace\Personal\JMMinistry\JMMinistry.Application\Mappers\MapperProfile.cs(18,9): warning RMG020: The member GainedId on the mapping source type JMMinistry.Domain.PersonalInfo is not mapped to any member on the mapping target type JMMinistry.Common.Dtos.User.UserInfoDto [D:\Workspace\Personal\JMMinistry\JMMinistry.Application\JMMinistry.Application.csproj]
D:\Workspace\Personal\JMMinistry\JMMinistry.Application\Mappers\MapperProfile.cs(18,9): warning RMG020: The member GainedRecord on the mapping source type JMMinistry.Domain.PersonalInfo is not mapped to any member on the mapping target type JMMinistry.Common.Dtos.User.UserInfoDto [D:\Workspace\Personal\JMMinistry\JMMinistry.Application\JMMinistry.Application.csproj]
D:\Workspace\Personal\JMMinistry\JMMinistry.Application\Mappers\MapperProfile.cs(18,9): warning RMG020: The member Cell on the mapping source type JMMinistry.Domain.PersonalInfo is not mapped to any member on the mapping target type JMMinistry.Common.Dtos.User.UserInfoDto [D:\Workspace\Personal\JMMinistry\JMMinistry.Application\JMMinistry.Application.csproj]
D:\Workspace\Personal\JMMinistry\JMMinistry.Application\Mappers\MapperProfile.cs(18,9): warning RMG020: The member CellEnrollmentDate on the mapping source type JMMinistry.Domain.PersonalInfo is not mapped to any member on the mapping target type JMMinistry.Common.Dtos.User.UserInfoDto [D:\Workspace\Personal\JMMinistry\JMMinistry.Application\JMMinistry.Application.csproj]
D:\Workspace\Personal\JMMinistry\JMMinistry.Application\Mappers\MapperProfile.cs(18,9): warning RMG020: The member Cells on the mapping source type JMMinistry.Domain.PersonalInfo is not mapped to any member on the mapping target type JMMinistry.Common.Dtos.User.UserInfoDto [D:\Workspace\Personal\JMMinistry\JMMinistry.Application\JMMinistry.Application.csproj]
D:\Workspace\Personal\JMMinistry\JMMinistry.Application\Mappers\MapperProfile.cs(18,9): warning RMG020: The member MeetingAttendances on the mapping source type JMMinistry.Domain.PersonalInfo is not mapped to any member on the mapping target type JMMinistry.Common.Dtos.User.UserInfoDto [D:\Workspace\Personal\JMMinistry\JMMinistry.Application\JMMinistry.Application.csproj]
D:\Workspace\Personal\JMMinistry\JMMinistry.Application\Mappers\MapperProfile.cs(18,9): warning RMG020: The member CellAttendances on the mapping source type JMMinistry.Domain.PersonalInfo is not mapped to any member on the mapping target type JMMinistry.Common.Dtos.User.UserInfoDto [D:\Workspace\Personal\JMMinistry\JMMinistry.Application\JMMinistry.Application.csproj]
D:\Workspace\Personal\JMMinistry\JMMinistry.Application\Mappers\MapperProfile.cs(18,9): warning RMG020: The member ClassAttendances on the mapping source type JMMinistry.Domain.PersonalInfo is not mapped to any member on the mapping target type JMMinistry.Common.Dtos.User.UserInfoDto [D:\Workspace\Personal\JMMinistry\JMMinistry.Application\JMMinistry.Application.csproj]
D:\Workspace\Personal\JMMinistry\JMMinistry.Application\Mappers\MapperProfile.cs(18,9): warning RMG020: The member Classes on the mapping source type JMMinistry.Domain.PersonalInfo is not mapped to any member on the mapping target type JMMinistry.Common.Dtos.User.UserInfoDto [D:\Workspace\Personal\JMMinistry\JMMinistry.Application\JMMinistry.Application.csproj]
D:\Workspace\Personal\JMMinistry\JMMinistry.Application\Mappers\MapperProfile.cs(18,9): warning RMG020: The member Conventions on the mapping source type JMMinistry.Domain.PersonalInfo is not mapped to any member on the mapping target type JMMinistry.Common.Dtos.User.UserInfoDto [D:\Workspace\Personal\JMMinistry\JMMinistry.Application\JMMinistry.Application.csproj]
D:\Workspace\Personal\JMMinistry\JMMinistry.Application\Mappers\MapperProfile.cs(18,9): warning RMG020: The member ConventionInvites on the mapping source type JMMinistry.Domain.PersonalInfo is not mapped to any member on the mapping target type JMMinistry.Common.Dtos.User.UserInfoDto [D:\Workspace\Personal\JMMinistry\JMMinistry.Application\JMMinistry.Application.csproj]
D:\Workspace\Personal\JMMinistry\JMMinistry.Application\Mappers\MapperProfile.cs(18,9): warning RMG020: The member UserRoles on the mapping source type JMMinistry.Domain.PersonalInfo is not mapped to any member on the mapping target type JMMinistry.Common.Dtos.User.UserInfoDto [D:\Workspace\Personal\JMMinistry\JMMinistry.Application\JMMinistry.Application.csproj]
D:\Workspace\Personal\JMMinistry\JMMinistry.Application\Mappers\MapperProfile.cs(18,9): warning RMG020: The member Gained on the mapping source type JMMinistry.Domain.PersonalInfo is not mapped to any member on the mapping target type JMMinistry.Common.Dtos.User.UserInfoDto [D:\Workspace\Personal\JMMinistry\JMMinistry.Application\JMMinistry.Application.csproj]
D:\Workspace\Personal\JMMinistry\JMMinistry.Application\Mappers\MapperProfile.cs(18,9): warning RMG020: The member UserName on the mapping source type JMMinistry.Domain.PersonalInfo is not mapped to any member on the mapping target type JMMinistry.Common.Dtos.User.UserInfoDto [D:\Workspace\Personal\JMMinistry\JMMinistry.Application\JMMinistry.Application.csproj]
D:\Workspace\Personal\JMMinistry\JMMinistry.Application\Mappers\MapperProfile.cs(18,9): warning RMG020: The member NormalizedUserName on the mapping source type JMMinistry.Domain.PersonalInfo is not mapped to any member on the mapping target type JMMinistry.Common.Dtos.User.UserInfoDto [D:\Workspace\Personal\JMMinistry\JMMinistry.Application\JMMinistry.Application.csproj]
D:\Workspace\Personal\JMMinistry\JMMinistry.Application\Mappers\MapperProfile.cs(18,9): warning RMG020: The member NormalizedEmail on the mapping source type JMMinistry.Domain.PersonalInfo is not mapped to any member on the mapping target type JMMinistry.Common.Dtos.User.UserInfoDto [D:\Workspace\Personal\JMMinistry\JMMinistry.Application\JMMinistry.Application.csproj]
D:\Workspace\Personal\JMMinistry\JMMinistry.Application\Mappers\MapperProfile.cs(18,9): warning RMG020: The member EmailConfirmed on the mapping source type JMMinistry.Domain.PersonalInfo is not mapped to any member on the mapping target type JMMinistry.Common.Dtos.User.UserInfoDto [D:\Workspace\Personal\JMMinistry\JMMinistry.Application\JMMinistry.Application.csproj]
D:\Workspace\Personal\JMMinistry\JMMinistry.Application\Mappers\MapperProfile.cs(18,9): warning RMG020: The member PasswordHash on the mapping source type JMMinistry.Domain.PersonalInfo is not mapped to any member on the mapping target type JMMinistry.Common.Dtos.User.UserInfoDto [D:\Workspace\Personal\JMMinistry\JMMinistry.Application\JMMinistry.Application.csproj]
D:\Workspace\Personal\JMMinistry\JMMinistry.Application\Mappers\MapperProfile.cs(18,9): warning RMG020: The member SecurityStamp on the mapping source type JMMinistry.Domain.PersonalInfo is not mapped to any member on the mapping target type JMMinistry.Common.Dtos.User.UserInfoDto [D:\Workspace\Personal\JMMinistry\JMMinistry.Application\JMMinistry.Application.csproj]
D:\Workspace\Personal\JMMinistry\JMMinistry.Application\Mappers\MapperProfile.cs(18,9): warning RMG020: The member ConcurrencyStamp on the mapping source type JMMinistry.Domain.PersonalInfo is not mapped to any member on the mapping target type JMMinistry.Common.Dtos.User.UserInfoDto [D:\Workspace\Personal\JMMinistry\JMMinistry.Application\JMMinistry.Application.csproj]
D:\Workspace\Personal\JMMinistry\JMMinistry.Application\Mappers\MapperProfile.cs(18,9): warning RMG020: The member PhoneNumber on the mapping source type JMMinistry.Domain.PersonalInfo is not mapped to any member on the mapping target type JMMinistry.Common.Dtos.User.UserInfoDto [D:\Workspace\Personal\JMMinistry\JMMinistry.Application\JMMinistry.Application.csproj]
D:\Workspace\Personal\JMMinistry\JMMinistry.Application\Mappers\MapperProfile.cs(18,9): warning RMG020: The member PhoneNumberConfirmed on the mapping source type JMMinistry.Domain.PersonalInfo is not mapped to any member on the mapping target type JMMinistry.Common.Dtos.User.UserInfoDto [D:\Workspace\Personal\JMMinistry\JMMinistry.Application\JMMinistry.Application.csproj]
D:\Workspace\Personal\JMMinistry\JMMinistry.Application\Mappers\MapperProfile.cs(18,9): warning RMG020: The member TwoFactorEnabled on the mapping source type JMMinistry.Domain.PersonalInfo is not mapped to any member on the mapping target type JMMinistry.Common.Dtos.User.UserInfoDto [D:\Workspace\Personal\JMMinistry\JMMinistry.Application\JMMinistry.Application.csproj]
D:\Workspace\Personal\JMMinistry\JMMinistry.Application\Mappers\MapperProfile.cs(18,9): warning RMG020: The member LockoutEnd on the mapping source type JMMinistry.Domain.PersonalInfo is not mapped to any member on the mapping target type JMMinistry.Common.Dtos.User.UserInfoDto [D:\Workspace\Personal\JMMinistry\JMMinistry.Application\JMMinistry.Application.csproj]
D:\Workspace\Personal\JMMinistry\JMMinistry.Application\Mappers\MapperProfile.cs(18,9): warning RMG020: The member LockoutEnabled on the mapping source type JMMinistry.Domain.PersonalInfo is not mapped to any member on the mapping target type JMMinistry.Common.Dtos.User.UserInfoDto [D:\Workspace\Personal\JMMinistry\JMMinistry.Application\JMMinistry.Application.csproj]
D:\Workspace\Personal\JMMinistry\JMMinistry.Application\Mappers\MapperProfile.cs(18,9): warning RMG020: The member AccessFailedCount on the mapping source type JMMinistry.Domain.PersonalInfo is not mapped to any member on the mapping target type JMMinistry.Common.Dtos.User.UserInfoDto [D:\Workspace\Personal\JMMinistry\JMMinistry.Application\JMMinistry.Application.csproj]
D:\Workspace\Personal\JMMinistry\JMMinistry.Application\Mappers\MapperProfile.cs(18,9): warning RMG012: The member AccessType on the mapping target type JMMinistry.Common.Dtos.User.UserInfoDto was not found on the mapping source type JMMinistry.Domain.PersonalInfo [D:\Workspace\Personal\JMMinistry\JMMinistry.Application\JMMinistry.Application.csproj]
D:\Workspace\Personal\JMMinistry\JMMinistry.Application\Mappers\MapperProfile.cs(18,9): warning RMG012: The member Leaders on the mapping target type JMMinistry.Common.Dtos.User.UserInfoDto was not found on the mapping source type JMMinistry.Domain.PersonalInfo [D:\Workspace\Personal\JMMinistry\JMMinistry.Application\JMMinistry.Application.csproj]
D:\Workspace\Personal\JMMinistry\JMMinistry.Application\Mappers\MapperProfile.cs(18,9): warning RMG012: The member Photo on the mapping target type JMMinistry.Common.Dtos.User.UserInfoDto was not found on the mapping source type JMMinistry.Domain.PersonalInfo [D:\Workspace\Personal\JMMinistry\JMMinistry.Application\JMMinistry.Application.csproj]
D:\Workspace\Personal\JMMinistry\JMMinistry.Application\Mappers\MapperProfile.cs(21,9): warning RMG020: The member City on the mapping source type JMMinistry.Domain.PersonalInfo is not mapped to any member on the mapping target type JMMinistry.Common.Dtos.User.PartialUserInfoDto [D:\Workspace\Personal\JMMinistry\JMMinistry.Application\JMMinistry.Application.csproj]
D:\Workspace\Personal\JMMinistry\JMMinistry.Application\Mappers\MapperProfile.cs(21,9): warning RMG020: The member Locality on the mapping source type JMMinistry.Domain.PersonalInfo is not mapped to any member on the mapping target type JMMinistry.Common.Dtos.User.PartialUserInfoDto [D:\Workspace\Personal\JMMinistry\JMMinistry.Application\JMMinistry.Application.csproj]
D:\Workspace\Personal\JMMinistry\JMMinistry.Application\Mappers\MapperProfile.cs(21,9): warning RMG020: The member Neighborhood on the mapping source type JMMinistry.Domain.PersonalInfo is not mapped to any member on the mapping target type JMMinistry.Common.Dtos.User.PartialUserInfoDto [D:\Workspace\Personal\JMMinistry\JMMinistry.Application\JMMinistry.Application.csproj]
D:\Workspace\Personal\JMMinistry\JMMinistry.Application\Mappers\MapperProfile.cs(21,9): warning RMG020: The member Address on the mapping source type JMMinistry.Domain.PersonalInfo is not mapped to any member on the mapping target type JMMinistry.Common.Dtos.User.PartialUserInfoDto [D:\Workspace\Personal\JMMinistry\JMMinistry.Application\JMMinistry.Application.csproj]
D:\Workspace\Personal\JMMinistry\JMMinistry.Application\Mappers\MapperProfile.cs(21,9): warning RMG020: The member EducationalLevel on the mapping source type JMMinistry.Domain.PersonalInfo is not mapped to any member on the mapping target type JMMinistry.Common.Dtos.User.PartialUserInfoDto [D:\Workspace\Personal\JMMinistry\JMMinistry.Application\JMMinistry.Application.csproj]
D:\Workspace\Personal\JMMinistry\JMMinistry.Application\Mappers\MapperProfile.cs(21,9): warning RMG020: The member Profession on the mapping source type JMMinistry.Domain.PersonalInfo is not mapped to any member on the mapping target type JMMinistry.Common.Dtos.User.PartialUserInfoDto [D:\Workspace\Personal\JMMinistry\JMMinistry.Application\JMMinistry.Application.csproj]
D:\Workspace\Personal\JMMinistry\JMMinistry.Application\Mappers\MapperProfile.cs(21,9): warning RMG020: The member Occupation on the mapping source type JMMinistry.Domain.PersonalInfo is not mapped to any member on the mapping target type JMMinistry.Common.Dtos.User.PartialUserInfoDto [D:\Workspace\Personal\JMMinistry\JMMinistry.Application\JMMinistry.Application.csproj]
D:\Workspace\Personal\JMMinistry\JMMinistry.Application\Mappers\MapperProfile.cs(21,9): warning RMG020: The member MaritalStatus on the mapping source type JMMinistry.Domain.PersonalInfo is not mapped to any member on the mapping target type JMMinistry.Common.Dtos.User.PartialUserInfoDto [D:\Workspace\Personal\JMMinistry\JMMinistry.Application\JMMinistry.Application.csproj]
D:\Workspace\Personal\JMMinistry\JMMinistry.Application\Mappers\MapperProfile.cs(21,9): warning RMG020: The member Birthday on the mapping source type JMMinistry.Domain.PersonalInfo is not mapped to any member on the mapping target type JMMinistry.Common.Dtos.User.PartialUserInfoDto [D:\Workspace\Personal\JMMinistry\JMMinistry.Application\JMMinistry.Application.csproj]
D:\Workspace\Personal\JMMinistry\JMMinistry.Application\Mappers\MapperProfile.cs(21,9): warning RMG020: The member LastAccess on the mapping source type JMMinistry.Domain.PersonalInfo is not mapped to any member on the mapping target type JMMinistry.Common.Dtos.User.PartialUserInfoDto [D:\Workspace\Personal\JMMinistry\JMMinistry.Application\JMMinistry.Application.csproj]
D:\Workspace\Personal\JMMinistry\JMMinistry.Application\Mappers\MapperProfile.cs(21,9): warning RMG020: The member GainedId on the mapping source type JMMinistry.Domain.PersonalInfo is not mapped to any member on the mapping target type JMMinistry.Common.Dtos.User.PartialUserInfoDto [D:\Workspace\Personal\JMMinistry\JMMinistry.Application\JMMinistry.Application.csproj]
D:\Workspace\Personal\JMMinistry\JMMinistry.Application\Mappers\MapperProfile.cs(21,9): warning RMG020: The member GainedRecord on the mapping source type JMMinistry.Domain.PersonalInfo is not mapped to any member on the mapping target type JMMinistry.Common.Dtos.User.PartialUserInfoDto [D:\Workspace\Personal\JMMinistry\JMMinistry.Application\JMMinistry.Application.csproj]
D:\Workspace\Personal\JMMinistry\JMMinistry.Application\Mappers\MapperProfile.cs(21,9): warning RMG020: The member Cell on the mapping source type JMMinistry.Domain.PersonalInfo is not mapped to any member on the mapping target type JMMinistry.Common.Dtos.User.PartialUserInfoDto [D:\Workspace\Personal\JMMinistry\JMMinistry.Application\JMMinistry.Application.csproj]
D:\Workspace\Personal\JMMinistry\JMMinistry.Application\Mappers\MapperProfile.cs(21,9): warning RMG020: The member CellEnrollmentDate on the mapping source type JMMinistry.Domain.PersonalInfo is not mapped to any member on the mapping target type JMMinistry.Common.Dtos.User.PartialUserInfoDto [D:\Workspace\Personal\JMMinistry\JMMinistry.Application\JMMinistry.Application.csproj]
D:\Workspace\Personal\JMMinistry\JMMinistry.Application\Mappers\MapperProfile.cs(21,9): warning RMG020: The member Cells on the mapping source type JMMinistry.Domain.PersonalInfo is not mapped to any member on the mapping target type JMMinistry.Common.Dtos.User.PartialUserInfoDto [D:\Workspace\Personal\JMMinistry\JMMinistry.Application\JMMinistry.Application.csproj]
D:\Workspace\Personal\JMMinistry\JMMinistry.Application\Mappers\MapperProfile.cs(21,9): warning RMG020: The member MeetingAttendances on the mapping source type JMMinistry.Domain.PersonalInfo is not mapped to any member on the mapping target type JMMinistry.Common.Dtos.User.PartialUserInfoDto [D:\Workspace\Personal\JMMinistry\JMMinistry.Application\JMMinistry.Application.csproj]
D:\Workspace\Personal\JMMinistry\JMMinistry.Application\Mappers\MapperProfile.cs(21,9): warning RMG020: The member CellAttendances on the mapping source type JMMinistry.Domain.PersonalInfo is not mapped to any member on the mapping target type JMMinistry.Common.Dtos.User.PartialUserInfoDto [D:\Workspace\Personal\JMMinistry\JMMinistry.Application\JMMinistry.Application.csproj]
D:\Workspace\Personal\JMMinistry\JMMinistry.Application\Mappers\MapperProfile.cs(21,9): warning RMG020: The member ClassAttendances on the mapping source type JMMinistry.Domain.PersonalInfo is not mapped to any member on the mapping target type JMMinistry.Common.Dtos.User.PartialUserInfoDto [D:\Workspace\Personal\JMMinistry\JMMinistry.Application\JMMinistry.Application.csproj]
D:\Workspace\Personal\JMMinistry\JMMinistry.Application\Mappers\MapperProfile.cs(21,9): warning RMG020: The member Classes on the mapping source type JMMinistry.Domain.PersonalInfo is not mapped to any member on the mapping target type JMMinistry.Common.Dtos.User.PartialUserInfoDto [D:\Workspace\Personal\JMMinistry\JMMinistry.Application\JMMinistry.Application.csproj]
D:\Workspace\Personal\JMMinistry\JMMinistry.Application\Mappers\MapperProfile.cs(21,9): warning RMG020: The member Conventions on the mapping source type JMMinistry.Domain.PersonalInfo is not mapped to any member on the mapping target type JMMinistry.Common.Dtos.User.PartialUserInfoDto [D:\Workspace\Personal\JMMinistry\JMMinistry.Application\JMMinistry.Application.csproj]
D:\Workspace\Personal\JMMinistry\JMMinistry.Application\Mappers\MapperProfile.cs(21,9): warning RMG020: The member ConventionInvites on the mapping source type JMMinistry.Domain.PersonalInfo is not mapped to any member on the mapping target type JMMinistry.Common.Dtos.User.PartialUserInfoDto [D:\Workspace\Personal\JMMinistry\JMMinistry.Application\JMMinistry.Application.csproj]
D:\Workspace\Personal\JMMinistry\JMMinistry.Application\Mappers\MapperProfile.cs(21,9): warning RMG020: The member UserRoles on the mapping source type JMMinistry.Domain.PersonalInfo is not mapped to any member on the mapping target type JMMinistry.Common.Dtos.User.PartialUserInfoDto [D:\Workspace\Personal\JMMinistry\JMMinistry.Application\JMMinistry.Application.csproj]
D:\Workspace\Personal\JMMinistry\JMMinistry.Application\Mappers\MapperProfile.cs(21,9): warning RMG020: The member Gained on the mapping source type JMMinistry.Domain.PersonalInfo is not mapped to any member on the mapping target type JMMinistry.Common.Dtos.User.PartialUserInfoDto [D:\Workspace\Personal\JMMinistry\JMMinistry.Application\JMMinistry.Application.csproj]
D:\Workspace\Personal\JMMinistry\JMMinistry.Application\Mappers\MapperProfile.cs(21,9): warning RMG020: The member UserName on the mapping source type JMMinistry.Domain.PersonalInfo is not mapped to any member on the mapping target type JMMinistry.Common.Dtos.User.PartialUserInfoDto [D:\Workspace\Personal\JMMinistry\JMMinistry.Application\JMMinistry.Application.csproj]
D:\Workspace\Personal\JMMinistry\JMMinistry.Application\Mappers\MapperProfile.cs(21,9): warning RMG020: The member NormalizedUserName on the mapping source type JMMinistry.Domain.PersonalInfo is not mapped to any member on the mapping target type JMMinistry.Common.Dtos.User.PartialUserInfoDto [D:\Workspace\Personal\JMMinistry\JMMinistry.Application\JMMinistry.Application.csproj]
D:\Workspace\Personal\JMMinistry\JMMinistry.Application\Mappers\MapperProfile.cs(21,9): warning RMG020: The member Email on the mapping source type JMMinistry.Domain.PersonalInfo is not mapped to any member on the mapping target type JMMinistry.Common.Dtos.User.PartialUserInfoDto [D:\Workspace\Personal\JMMinistry\JMMinistry.Application\JMMinistry.Application.csproj]
D:\Workspace\Personal\JMMinistry\JMMinistry.Application\Mappers\MapperProfile.cs(21,9): warning RMG020: The member NormalizedEmail on the mapping source type JMMinistry.Domain.PersonalInfo is not mapped to any member on the mapping target type JMMinistry.Common.Dtos.User.PartialUserInfoDto [D:\Workspace\Personal\JMMinistry\JMMinistry.Application\JMMinistry.Application.csproj]
D:\Workspace\Personal\JMMinistry\JMMinistry.Application\Mappers\MapperProfile.cs(21,9): warning RMG020: The member EmailConfirmed on the mapping source type JMMinistry.Domain.PersonalInfo is not mapped to any member on the mapping target type JMMinistry.Common.Dtos.User.PartialUserInfoDto [D:\Workspace\Personal\JMMinistry\JMMinistry.Application\JMMinistry.Application.csproj]
D:\Workspace\Personal\JMMinistry\JMMinistry.Application\Mappers\MapperProfile.cs(21,9): warning RMG020: The member PasswordHash on the mapping source type JMMinistry.Domain.PersonalInfo is not mapped to any member on the mapping target type JMMinistry.Common.Dtos.User.PartialUserInfoDto [D:\Workspace\Personal\JMMinistry\JMMinistry.Application\JMMinistry.Application.csproj]
D:\Workspace\Personal\JMMinistry\JMMinistry.Application\Mappers\MapperProfile.cs(21,9): warning RMG020: The member SecurityStamp on the mapping source type JMMinistry.Domain.PersonalInfo is not mapped to any member on the mapping target type JMMinistry.Common.Dtos.User.PartialUserInfoDto [D:\Workspace\Personal\JMMinistry\JMMinistry.Application\JMMinistry.Application.csproj]
D:\Workspace\Personal\JMMinistry\JMMinistry.Application\Mappers\MapperProfile.cs(21,9): warning RMG020: The member ConcurrencyStamp on the mapping source type JMMinistry.Domain.PersonalInfo is not mapped to any member on the mapping target type JMMinistry.Common.Dtos.User.PartialUserInfoDto [D:\Workspace\Personal\JMMinistry\JMMinistry.Application\JMMinistry.Application.csproj]
D:\Workspace\Personal\JMMinistry\JMMinistry.Application\Mappers\MapperProfile.cs(21,9): warning RMG020: The member PhoneNumber on the mapping source type JMMinistry.Domain.PersonalInfo is not mapped to any member on the mapping target type JMMinistry.Common.Dtos.User.PartialUserInfoDto [D:\Workspace\Personal\JMMinistry\JMMinistry.Application\JMMinistry.Application.csproj]
D:\Workspace\Personal\JMMinistry\JMMinistry.Application\Mappers\MapperProfile.cs(21,9): warning RMG020: The member PhoneNumberConfirmed on the mapping source type JMMinistry.Domain.PersonalInfo is not mapped to any member on the mapping target type JMMinistry.Common.Dtos.User.PartialUserInfoDto [D:\Workspace\Personal\JMMinistry\JMMinistry.Application\JMMinistry.Application.csproj]
D:\Workspace\Personal\JMMinistry\JMMinistry.Application\Mappers\MapperProfile.cs(21,9): warning RMG020: The member TwoFactorEnabled on the mapping source type JMMinistry.Domain.PersonalInfo is not mapped to any member on the mapping target type JMMinistry.Common.Dtos.User.PartialUserInfoDto [D:\Workspace\Personal\JMMinistry\JMMinistry.Application\JMMinistry.Application.csproj]
D:\Workspace\Personal\JMMinistry\JMMinistry.Application\Mappers\MapperProfile.cs(21,9): warning RMG020: The member LockoutEnd on the mapping source type JMMinistry.Domain.PersonalInfo is not mapped to any member on the mapping target type JMMinistry.Common.Dtos.User.PartialUserInfoDto [D:\Workspace\Personal\JMMinistry\JMMinistry.Application\JMMinistry.Application.csproj]
D:\Workspace\Personal\JMMinistry\JMMinistry.Application\Mappers\MapperProfile.cs(21,9): warning RMG020: The member LockoutEnabled on the mapping source type JMMinistry.Domain.PersonalInfo is not mapped to any member on the mapping target type JMMinistry.Common.Dtos.User.PartialUserInfoDto [D:\Workspace\Personal\JMMinistry\JMMinistry.Application\JMMinistry.Application.csproj]
D:\Workspace\Personal\JMMinistry\JMMinistry.Application\Mappers\MapperProfile.cs(21,9): warning RMG020: The member AccessFailedCount on the mapping source type JMMinistry.Domain.PersonalInfo is not mapped to any member on the mapping target type JMMinistry.Common.Dtos.User.PartialUserInfoDto [D:\Workspace\Personal\JMMinistry\JMMinistry.Application\JMMinistry.Application.csproj]
D:\Workspace\Personal\JMMinistry\JMMinistry.Application\Mappers\MapperProfile.cs(21,9): warning RMG012: The member Photo on the mapping target type JMMinistry.Common.Dtos.User.PartialUserInfoDto was not found on the mapping source type JMMinistry.Domain.PersonalInfo [D:\Workspace\Personal\JMMinistry\JMMinistry.Application\JMMinistry.Application.csproj]
D:\Workspace\Personal\JMMinistry\JMMinistry.Application\Mappers\MapperProfile.cs(24,9): warning RMG020: The member AccessType on the mapping source type JMMinistry.Common.Dtos.User.UserInfoDto is not mapped to any member on the mapping target type JMMinistry.Domain.PersonalInfo [D:\Workspace\Personal\JMMinistry\JMMinistry.Application\JMMinistry.Application.csproj]
D:\Workspace\Personal\JMMinistry\JMMinistry.Application\Mappers\MapperProfile.cs(24,9): warning RMG020: The member Leaders on the mapping source type JMMinistry.Common.Dtos.User.UserInfoDto is not mapped to any member on the mapping target type JMMinistry.Domain.PersonalInfo [D:\Workspace\Personal\JMMinistry\JMMinistry.Application\JMMinistry.Application.csproj]
D:\Workspace\Personal\JMMinistry\JMMinistry.Application\Mappers\MapperProfile.cs(24,9): warning RMG020: The member Photo on the mapping source type JMMinistry.Common.Dtos.User.UserInfoDto is not mapped to any member on the mapping target type JMMinistry.Domain.PersonalInfo [D:\Workspace\Personal\JMMinistry\JMMinistry.Application\JMMinistry.Application.csproj]
D:\Workspace\Personal\JMMinistry\JMMinistry.Application\Mappers\MapperProfile.cs(24,9): warning RMG012: The member LastAccess on the mapping target type JMMinistry.Domain.PersonalInfo was not found on the mapping source type JMMinistry.Common.Dtos.User.UserInfoDto [D:\Workspace\Personal\JMMinistry\JMMinistry.Application\JMMinistry.Application.csproj]
D:\Workspace\Personal\JMMinistry\JMMinistry.Application\Mappers\MapperProfile.cs(24,9): warning RMG012: The member GainedId on the mapping target type JMMinistry.Domain.PersonalInfo was not found on the mapping source type JMMinistry.Common.Dtos.User.UserInfoDto [D:\Workspace\Personal\JMMinistry\JMMinistry.Application\JMMinistry.Application.csproj]
D:\Workspace\Personal\JMMinistry\JMMinistry.Application\Mappers\MapperProfile.cs(24,9): warning RMG012: The member GainedRecord on the mapping target type JMMinistry.Domain.PersonalInfo was not found on the mapping source type JMMinistry.Common.Dtos.User.UserInfoDto [D:\Workspace\Personal\JMMinistry\JMMinistry.Application\JMMinistry.Application.csproj]
D:\Workspace\Personal\JMMinistry\JMMinistry.Application\Mappers\MapperProfile.cs(24,9): warning RMG012: The member Cell on the mapping target type JMMinistry.Domain.PersonalInfo was not found on the mapping source type JMMinistry.Common.Dtos.User.UserInfoDto [D:\Workspace\Personal\JMMinistry\JMMinistry.Application\JMMinistry.Application.csproj]
D:\Workspace\Personal\JMMinistry\JMMinistry.Application\Mappers\MapperProfile.cs(24,9): warning RMG012: The member CellEnrollmentDate on the mapping target type JMMinistry.Domain.PersonalInfo was not found on the mapping source type JMMinistry.Common.Dtos.User.UserInfoDto [D:\Workspace\Personal\JMMinistry\JMMinistry.Application\JMMinistry.Application.csproj]
D:\Workspace\Personal\JMMinistry\JMMinistry.Application\Mappers\MapperProfile.cs(24,9): warning RMG012: The member Cells on the mapping target type JMMinistry.Domain.PersonalInfo was not found on the mapping source type JMMinistry.Common.Dtos.User.UserInfoDto [D:\Workspace\Personal\JMMinistry\JMMinistry.Application\JMMinistry.Application.csproj]
D:\Workspace\Personal\JMMinistry\JMMinistry.Application\Mappers\MapperProfile.cs(24,9): warning RMG012: The member MeetingAttendances on the mapping target type JMMinistry.Domain.PersonalInfo was not found on the mapping source type JMMinistry.Common.Dtos.User.UserInfoDto [D:\Workspace\Personal\JMMinistry\JMMinistry.Application\JMMinistry.Application.csproj]
D:\Workspace\Personal\JMMinistry\JMMinistry.Application\Mappers\MapperProfile.cs(24,9): warning RMG012: The member CellAttendances on the mapping target type JMMinistry.Domain.PersonalInfo was not found on the mapping source type JMMinistry.Common.Dtos.User.UserInfoDto [D:\Workspace\Personal\JMMinistry\JMMinistry.Application\JMMinistry.Application.csproj]
D:\Workspace\Personal\JMMinistry\JMMinistry.Application\Mappers\MapperProfile.cs(24,9): warning RMG012: The member ClassAttendances on the mapping target type JMMinistry.Domain.PersonalInfo was not found on the mapping source type JMMinistry.Common.Dtos.User.UserInfoDto [D:\Workspace\Personal\JMMinistry\JMMinistry.Application\JMMinistry.Application.csproj]
D:\Workspace\Personal\JMMinistry\JMMinistry.Application\Mappers\MapperProfile.cs(24,9): warning RMG012: The member Classes on the mapping target type JMMinistry.Domain.PersonalInfo was not found on the mapping source type JMMinistry.Common.Dtos.User.UserInfoDto [D:\Workspace\Personal\JMMinistry\JMMinistry.Application\JMMinistry.Application.csproj]
D:\Workspace\Personal\JMMinistry\JMMinistry.Application\Mappers\MapperProfile.cs(24,9): warning RMG012: The member Conventions on the mapping target type JMMinistry.Domain.PersonalInfo was not found on the mapping source type JMMinistry.Common.Dtos.User.UserInfoDto [D:\Workspace\Personal\JMMinistry\JMMinistry.Application\JMMinistry.Application.csproj]
D:\Workspace\Personal\JMMinistry\JMMinistry.Application\Mappers\MapperProfile.cs(24,9): warning RMG012: The member ConventionInvites on the mapping target type JMMinistry.Domain.PersonalInfo was not found on the mapping source type JMMinistry.Common.Dtos.User.UserInfoDto [D:\Workspace\Personal\JMMinistry\JMMinistry.Application\JMMinistry.Application.csproj]
D:\Workspace\Personal\JMMinistry\JMMinistry.Application\Mappers\MapperProfile.cs(24,9): warning RMG012: The member UserRoles on the mapping target type JMMinistry.Domain.PersonalInfo was not found on the mapping source type JMMinistry.Common.Dtos.User.UserInfoDto [D:\Workspace\Personal\JMMinistry\JMMinistry.Application\JMMinistry.Application.csproj]
D:\Workspace\Personal\JMMinistry\JMMinistry.Application\Mappers\MapperProfile.cs(24,9): warning RMG012: The member Gained on the mapping target type JMMinistry.Domain.PersonalInfo was not found on the mapping source type JMMinistry.Common.Dtos.User.UserInfoDto [D:\Workspace\Personal\JMMinistry\JMMinistry.Application\JMMinistry.Application.csproj]
D:\Workspace\Personal\JMMinistry\JMMinistry.Application\Mappers\MapperProfile.cs(24,9): warning RMG012: The member NormalizedUserName on the mapping target type JMMinistry.Domain.PersonalInfo was not found on the mapping source type JMMinistry.Common.Dtos.User.UserInfoDto [D:\Workspace\Personal\JMMinistry\JMMinistry.Application\JMMinistry.Application.csproj]
D:\Workspace\Personal\JMMinistry\JMMinistry.Application\Mappers\MapperProfile.cs(24,9): warning RMG012: The member NormalizedEmail on the mapping target type JMMinistry.Domain.PersonalInfo was not found on the mapping source type JMMinistry.Common.Dtos.User.UserInfoDto [D:\Workspace\Personal\JMMinistry\JMMinistry.Application\JMMinistry.Application.csproj]
D:\Workspace\Personal\JMMinistry\JMMinistry.Application\Mappers\MapperProfile.cs(24,9): warning RMG012: The member EmailConfirmed on the mapping target type JMMinistry.Domain.PersonalInfo was not found on the mapping source type JMMinistry.Common.Dtos.User.UserInfoDto [D:\Workspace\Personal\JMMinistry\JMMinistry.Application\JMMinistry.Application.csproj]
D:\Workspace\Personal\JMMinistry\JMMinistry.Application\Mappers\MapperProfile.cs(24,9): warning RMG012: The member PasswordHash on the mapping target type JMMinistry.Domain.PersonalInfo was not found on the mapping source type JMMinistry.Common.Dtos.User.UserInfoDto [D:\Workspace\Personal\JMMinistry\JMMinistry.Application\JMMinistry.Application.csproj]
D:\Workspace\Personal\JMMinistry\JMMinistry.Application\Mappers\MapperProfile.cs(24,9): warning RMG012: The member SecurityStamp on the mapping target type JMMinistry.Domain.PersonalInfo was not found on the mapping source type JMMinistry.Common.Dtos.User.UserInfoDto [D:\Workspace\Personal\JMMinistry\JMMinistry.Application\JMMinistry.Application.csproj]
D:\Workspace\Personal\JMMinistry\JMMinistry.Application\Mappers\MapperProfile.cs(24,9): warning RMG012: The member ConcurrencyStamp on the mapping target type JMMinistry.Domain.PersonalInfo was not found on the mapping source type JMMinistry.Common.Dtos.User.UserInfoDto [D:\Workspace\Personal\JMMinistry\JMMinistry.Application\JMMinistry.Application.csproj]
D:\Workspace\Personal\JMMinistry\JMMinistry.Application\Mappers\MapperProfile.cs(24,9): warning RMG012: The member PhoneNumber on the mapping target type JMMinistry.Domain.PersonalInfo was not found on the mapping source type JMMinistry.Common.Dtos.User.UserInfoDto [D:\Workspace\Personal\JMMinistry\JMMinistry.Application\JMMinistry.Application.csproj]
D:\Workspace\Personal\JMMinistry\JMMinistry.Application\Mappers\MapperProfile.cs(24,9): warning RMG012: The member PhoneNumberConfirmed on the mapping target type JMMinistry.Domain.PersonalInfo was not found on the mapping source type JMMinistry.Common.Dtos.User.UserInfoDto [D:\Workspace\Personal\JMMinistry\JMMinistry.Application\JMMinistry.Application.csproj]
D:\Workspace\Personal\JMMinistry\JMMinistry.Application\Mappers\MapperProfile.cs(24,9): warning RMG012: The member TwoFactorEnabled on the mapping target type JMMinistry.Domain.PersonalInfo was not found on the mapping source type JMMinistry.Common.Dtos.User.UserInfoDto [D:\Workspace\Personal\JMMinistry\JMMinistry.Application\JMMinistry.Application.csproj]
D:\Workspace\Personal\JMMinistry\JMMinistry.Application\Mappers\MapperProfile.cs(24,9): warning RMG012: The member LockoutEnd on the mapping target type JMMinistry.Domain.PersonalInfo was not found on the mapping source type JMMinistry.Common.Dtos.User.UserInfoDto [D:\Workspace\Personal\JMMinistry\JMMinistry.Application\JMMinistry.Application.csproj]
D:\Workspace\Personal\JMMinistry\JMMinistry.Application\Mappers\MapperProfile.cs(24,9): warning RMG012: The member LockoutEnabled on the mapping target type JMMinistry.Domain.PersonalInfo was not found on the mapping source type JMMinistry.Common.Dtos.User.UserInfoDto [D:\Workspace\Personal\JMMinistry\JMMinistry.Application\JMMinistry.Application.csproj]
D:\Workspace\Personal\JMMinistry\JMMinistry.Application\Mappers\MapperProfile.cs(24,9): warning RMG012: The member AccessFailedCount on the mapping target type JMMinistry.Domain.PersonalInfo was not found on the mapping source type JMMinistry.Common.Dtos.User.UserInfoDto [D:\Workspace\Personal\JMMinistry\JMMinistry.Application\JMMinistry.Application.csproj]
D:\Workspace\Personal\JMMinistry\JMMinistry.Application\Mappers\MapperProfile.cs(29,9): warning RMG020: The member Classes on the mapping source type JMMinistry.Domain.School is not mapped to any member on the mapping target type JMMinistry.Common.Dtos.School.SchoolDto [D:\Workspace\Personal\JMMinistry\JMMinistry.Application\JMMinistry.Application.csproj]
D:\Workspace\Personal\JMMinistry\JMMinistry.Application\Mappers\MapperProfile.cs(30,9): warning RMG012: The member Classes on the mapping target type JMMinistry.Domain.School was not found on the mapping source type JMMinistry.Common.Dtos.School.SchoolDto [D:\Workspace\Personal\JMMinistry\JMMinistry.Application\JMMinistry.Application.csproj]
D:\Workspace\Personal\JMMinistry\JMMinistry.Application\Mappers\MapperProfile.cs(34,9): warning RMG020: The member SchoolId on the mapping source type JMMinistry.Domain.Class is not mapped to any member on the mapping target type JMMinistry.Common.Dtos.Class.ClassDto [D:\Workspace\Personal\JMMinistry\JMMinistry.Application\JMMinistry.Application.csproj]
D:\Workspace\Personal\JMMinistry\JMMinistry.Application\Mappers\MapperProfile.cs(34,9): warning RMG020: The member School on the mapping source type JMMinistry.Domain.Class is not mapped to any member on the mapping target type JMMinistry.Common.Dtos.Class.ClassDto [D:\Workspace\Personal\JMMinistry\JMMinistry.Application\JMMinistry.Application.csproj]
D:\Workspace\Personal\JMMinistry\JMMinistry.Application\Mappers\MapperProfile.cs(34,9): warning RMG020: The member ClassAttendances on the mapping source type JMMinistry.Domain.Class is not mapped to any member on the mapping target type JMMinistry.Common.Dtos.Class.ClassDto [D:\Workspace\Personal\JMMinistry\JMMinistry.Application\JMMinistry.Application.csproj]
D:\Workspace\Personal\JMMinistry\JMMinistry.Application\Mappers\MapperProfile.cs(37,9): warning RMG020: The member CityId on the mapping source type JMMinistry.Domain.Cell is not mapped to any member on the mapping target type JMMinistry.Common.Dtos.Cell.CellDto [D:\Workspace\Personal\JMMinistry\JMMinistry.Application\JMMinistry.Application.csproj]
D:\Workspace\Personal\JMMinistry\JMMinistry.Application\Mappers\MapperProfile.cs(37,9): warning RMG020: The member LocalityId on the mapping source type JMMinistry.Domain.Cell is not mapped to any member on the mapping target type JMMinistry.Common.Dtos.Cell.CellDto [D:\Workspace\Personal\JMMinistry\JMMinistry.Application\JMMinistry.Application.csproj]
D:\Workspace\Personal\JMMinistry\JMMinistry.Application\Mappers\MapperProfile.cs(37,9): warning RMG020: The member Leaders on the mapping source type JMMinistry.Domain.Cell is not mapped to any member on the mapping target type JMMinistry.Common.Dtos.Cell.CellDto [D:\Workspace\Personal\JMMinistry\JMMinistry.Application\JMMinistry.Application.csproj]
D:\Workspace\Personal\JMMinistry\JMMinistry.Application\Mappers\MapperProfile.cs(37,9): warning RMG020: The member Disciples on the mapping source type JMMinistry.Domain.Cell is not mapped to any member on the mapping target type JMMinistry.Common.Dtos.Cell.CellDto [D:\Workspace\Personal\JMMinistry\JMMinistry.Application\JMMinistry.Application.csproj]
D:\Workspace\Personal\JMMinistry\JMMinistry.Application\Mappers\MapperProfile.cs(38,9): warning RMG012: The member Leaders on the mapping target type JMMinistry.Domain.Cell was not found on the mapping source type JMMinistry.Common.Dtos.Cell.CellDto [D:\Workspace\Personal\JMMinistry\JMMinistry.Application\JMMinistry.Application.csproj]
D:\Workspace\Personal\JMMinistry\JMMinistry.Application\Mappers\MapperProfile.cs(38,9): warning RMG012: The member Disciples on the mapping target type JMMinistry.Domain.Cell was not found on the mapping source type JMMinistry.Common.Dtos.Cell.CellDto [D:\Workspace\Personal\JMMinistry\JMMinistry.Application\JMMinistry.Application.csproj]
D:\Workspace\Personal\JMMinistry\JMMinistry.Application\Mappers\MapperProfile.cs(41,9): warning RMG020: The member Petition on the mapping source type JMMinistry.Common.Dtos.Gained.CreateGainedUser is not mapped to any member on the mapping target type JMMinistry.Domain.PersonalInfo [D:\Workspace\Personal\JMMinistry\JMMinistry.Application\JMMinistry.Application.csproj]
D:\Workspace\Personal\JMMinistry\JMMinistry.Application\Mappers\MapperProfile.cs(41,9): warning RMG020: The member Photo on the mapping source type JMMinistry.Common.Dtos.Gained.CreateGainedUser is not mapped to any member on the mapping target type JMMinistry.Domain.PersonalInfo [D:\Workspace\Personal\JMMinistry\JMMinistry.Application\JMMinistry.Application.csproj]
D:\Workspace\Personal\JMMinistry\JMMinistry.Application\Mappers\MapperProfile.cs(41,9): warning RMG012: The member City on the mapping target type JMMinistry.Domain.PersonalInfo was not found on the mapping source type JMMinistry.Common.Dtos.Gained.CreateGainedUser [D:\Workspace\Personal\JMMinistry\JMMinistry.Application\JMMinistry.Application.csproj]
D:\Workspace\Personal\JMMinistry\JMMinistry.Application\Mappers\MapperProfile.cs(41,9): warning RMG012: The member Address on the mapping target type JMMinistry.Domain.PersonalInfo was not found on the mapping source type JMMinistry.Common.Dtos.Gained.CreateGainedUser [D:\Workspace\Personal\JMMinistry\JMMinistry.Application\JMMinistry.Application.csproj]
D:\Workspace\Personal\JMMinistry\JMMinistry.Application\Mappers\MapperProfile.cs(41,9): warning RMG012: The member EducationalLevel on the mapping target type JMMinistry.Domain.PersonalInfo was not found on the mapping source type JMMinistry.Common.Dtos.Gained.CreateGainedUser [D:\Workspace\Personal\JMMinistry\JMMinistry.Application\JMMinistry.Application.csproj]
D:\Workspace\Personal\JMMinistry\JMMinistry.Application\Mappers\MapperProfile.cs(41,9): warning RMG012: The member Profession on the mapping target type JMMinistry.Domain.PersonalInfo was not found on the mapping source type JMMinistry.Common.Dtos.Gained.CreateGainedUser [D:\Workspace\Personal\JMMinistry\JMMinistry.Application\JMMinistry.Application.csproj]
D:\Workspace\Personal\JMMinistry\JMMinistry.Application\Mappers\MapperProfile.cs(41,9): warning RMG012: The member Occupation on the mapping target type JMMinistry.Domain.PersonalInfo was not found on the mapping source type JMMinistry.Common.Dtos.Gained.CreateGainedUser [D:\Workspace\Personal\JMMinistry\JMMinistry.Application\JMMinistry.Application.csproj]
D:\Workspace\Personal\JMMinistry\JMMinistry.Application\Mappers\MapperProfile.cs(41,9): warning RMG012: The member MaritalStatus on the mapping target type JMMinistry.Domain.PersonalInfo was not found on the mapping source type JMMinistry.Common.Dtos.Gained.CreateGainedUser [D:\Workspace\Personal\JMMinistry\JMMinistry.Application\JMMinistry.Application.csproj]
D:\Workspace\Personal\JMMinistry\JMMinistry.Application\Mappers\MapperProfile.cs(41,9): warning RMG012: The member Birthday on the mapping target type JMMinistry.Domain.PersonalInfo was not found on the mapping source type JMMinistry.Common.Dtos.Gained.CreateGainedUser [D:\Workspace\Personal\JMMinistry\JMMinistry.Application\JMMinistry.Application.csproj]
D:\Workspace\Personal\JMMinistry\JMMinistry.Application\Mappers\MapperProfile.cs(41,9): warning RMG012: The member LastAccess on the mapping target type JMMinistry.Domain.PersonalInfo was not found on the mapping source type JMMinistry.Common.Dtos.Gained.CreateGainedUser [D:\Workspace\Personal\JMMinistry\JMMinistry.Application\JMMinistry.Application.csproj]
D:\Workspace\Personal\JMMinistry\JMMinistry.Application\Mappers\MapperProfile.cs(41,9): warning RMG012: The member GainedId on the mapping target type JMMinistry.Domain.PersonalInfo was not found on the mapping source type JMMinistry.Common.Dtos.Gained.CreateGainedUser [D:\Workspace\Personal\JMMinistry\JMMinistry.Application\JMMinistry.Application.csproj]
D:\Workspace\Personal\JMMinistry\JMMinistry.Application\Mappers\MapperProfile.cs(41,9): warning RMG012: The member GainedRecord on the mapping target type JMMinistry.Domain.PersonalInfo was not found on the mapping source type JMMinistry.Common.Dtos.Gained.CreateGainedUser [D:\Workspace\Personal\JMMinistry\JMMinistry.Application\JMMinistry.Application.csproj]
D:\Workspace\Personal\JMMinistry\JMMinistry.Application\Mappers\MapperProfile.cs(41,9): warning RMG012: The member Cell on the mapping target type JMMinistry.Domain.PersonalInfo was not found on the mapping source type JMMinistry.Common.Dtos.Gained.CreateGainedUser [D:\Workspace\Personal\JMMinistry\JMMinistry.Application\JMMinistry.Application.csproj]
D:\Workspace\Personal\JMMinistry\JMMinistry.Application\Mappers\MapperProfile.cs(41,9): warning RMG012: The member CellEnrollmentDate on the mapping target type JMMinistry.Domain.PersonalInfo was not found on the mapping source type JMMinistry.Common.Dtos.Gained.CreateGainedUser [D:\Workspace\Personal\JMMinistry\JMMinistry.Application\JMMinistry.Application.csproj]
D:\Workspace\Personal\JMMinistry\JMMinistry.Application\Mappers\MapperProfile.cs(41,9): warning RMG012: The member Cells on the mapping target type JMMinistry.Domain.PersonalInfo was not found on the mapping source type JMMinistry.Common.Dtos.Gained.CreateGainedUser [D:\Workspace\Personal\JMMinistry\JMMinistry.Application\JMMinistry.Application.csproj]
D:\Workspace\Personal\JMMinistry\JMMinistry.Application\Mappers\MapperProfile.cs(41,9): warning RMG012: The member MeetingAttendances on the mapping target type JMMinistry.Domain.PersonalInfo was not found on the mapping source type JMMinistry.Common.Dtos.Gained.CreateGainedUser [D:\Workspace\Personal\JMMinistry\JMMinistry.Application\JMMinistry.Application.csproj]
D:\Workspace\Personal\JMMinistry\JMMinistry.Application\Mappers\MapperProfile.cs(41,9): warning RMG012: The member CellAttendances on the mapping target type JMMinistry.Domain.PersonalInfo was not found on the mapping source type JMMinistry.Common.Dtos.Gained.CreateGainedUser [D:\Workspace\Personal\JMMinistry\JMMinistry.Application\JMMinistry.Application.csproj]
D:\Workspace\Personal\JMMinistry\JMMinistry.Application\Mappers\MapperProfile.cs(41,9): warning RMG012: The member ClassAttendances on the mapping target type JMMinistry.Domain.PersonalInfo was not found on the mapping source type JMMinistry.Common.Dtos.Gained.CreateGainedUser [D:\Workspace\Personal\JMMinistry\JMMinistry.Application\JMMinistry.Application.csproj]
D:\Workspace\Personal\JMMinistry\JMMinistry.Application\Mappers\MapperProfile.cs(41,9): warning RMG012: The member Classes on the mapping target type JMMinistry.Domain.PersonalInfo was not found on the mapping source type JMMinistry.Common.Dtos.Gained.CreateGainedUser [D:\Workspace\Personal\JMMinistry\JMMinistry.Application\JMMinistry.Application.csproj]
D:\Workspace\Personal\JMMinistry\JMMinistry.Application\Mappers\MapperProfile.cs(41,9): warning RMG012: The member Conventions on the mapping target type JMMinistry.Domain.PersonalInfo was not found on the mapping source type JMMinistry.Common.Dtos.Gained.CreateGainedUser [D:\Workspace\Personal\JMMinistry\JMMinistry.Application\JMMinistry.Application.csproj]
D:\Workspace\Personal\JMMinistry\JMMinistry.Application\Mappers\MapperProfile.cs(41,9): warning RMG012: The member ConventionInvites on the mapping target type JMMinistry.Domain.PersonalInfo was not found on the mapping source type JMMinistry.Common.Dtos.Gained.CreateGainedUser [D:\Workspace\Personal\JMMinistry\JMMinistry.Application\JMMinistry.Application.csproj]
D:\Workspace\Personal\JMMinistry\JMMinistry.Application\Mappers\MapperProfile.cs(41,9): warning RMG012: The member UserRoles on the mapping target type JMMinistry.Domain.PersonalInfo was not found on the mapping source type JMMinistry.Common.Dtos.Gained.CreateGainedUser [D:\Workspace\Personal\JMMinistry\JMMinistry.Application\JMMinistry.Application.csproj]
D:\Workspace\Personal\JMMinistry\JMMinistry.Application\Mappers\MapperProfile.cs(41,9): warning RMG012: The member Gained on the mapping target type JMMinistry.Domain.PersonalInfo was not found on the mapping source type JMMinistry.Common.Dtos.Gained.CreateGainedUser [D:\Workspace\Personal\JMMinistry\JMMinistry.Application\JMMinistry.Application.csproj]
D:\Workspace\Personal\JMMinistry\JMMinistry.Application\Mappers\MapperProfile.cs(41,9): warning RMG012: The member NormalizedUserName on the mapping target type JMMinistry.Domain.PersonalInfo was not found on the mapping source type JMMinistry.Common.Dtos.Gained.CreateGainedUser [D:\Workspace\Personal\JMMinistry\JMMinistry.Application\JMMinistry.Application.csproj]
D:\Workspace\Personal\JMMinistry\JMMinistry.Application\Mappers\MapperProfile.cs(41,9): warning RMG012: The member Email on the mapping target type JMMinistry.Domain.PersonalInfo was not found on the mapping source type JMMinistry.Common.Dtos.Gained.CreateGainedUser [D:\Workspace\Personal\JMMinistry\JMMinistry.Application\JMMinistry.Application.csproj]
D:\Workspace\Personal\JMMinistry\JMMinistry.Application\Mappers\MapperProfile.cs(41,9): warning RMG012: The member NormalizedEmail on the mapping target type JMMinistry.Domain.PersonalInfo was not found on the mapping source type JMMinistry.Common.Dtos.Gained.CreateGainedUser [D:\Workspace\Personal\JMMinistry\JMMinistry.Application\JMMinistry.Application.csproj]
D:\Workspace\Personal\JMMinistry\JMMinistry.Application\Mappers\MapperProfile.cs(41,9): warning RMG012: The member EmailConfirmed on the mapping target type JMMinistry.Domain.PersonalInfo was not found on the mapping source type JMMinistry.Common.Dtos.Gained.CreateGainedUser [D:\Workspace\Personal\JMMinistry\JMMinistry.Application\JMMinistry.Application.csproj]
D:\Workspace\Personal\JMMinistry\JMMinistry.Application\Mappers\MapperProfile.cs(41,9): warning RMG012: The member PasswordHash on the mapping target type JMMinistry.Domain.PersonalInfo was not found on the mapping source type JMMinistry.Common.Dtos.Gained.CreateGainedUser [D:\Workspace\Personal\JMMinistry\JMMinistry.Application\JMMinistry.Application.csproj]
D:\Workspace\Personal\JMMinistry\JMMinistry.Application\Mappers\MapperProfile.cs(41,9): warning RMG012: The member SecurityStamp on the mapping target type JMMinistry.Domain.PersonalInfo was not found on the mapping source type JMMinistry.Common.Dtos.Gained.CreateGainedUser [D:\Workspace\Personal\JMMinistry\JMMinistry.Application\JMMinistry.Application.csproj]
D:\Workspace\Personal\JMMinistry\JMMinistry.Application\Mappers\MapperProfile.cs(41,9): warning RMG012: The member ConcurrencyStamp on the mapping target type JMMinistry.Domain.PersonalInfo was not found on the mapping source type JMMinistry.Common.Dtos.Gained.CreateGainedUser [D:\Workspace\Personal\JMMinistry\JMMinistry.Application\JMMinistry.Application.csproj]
D:\Workspace\Personal\JMMinistry\JMMinistry.Application\Mappers\MapperProfile.cs(41,9): warning RMG012: The member PhoneNumber on the mapping target type JMMinistry.Domain.PersonalInfo was not found on the mapping source type JMMinistry.Common.Dtos.Gained.CreateGainedUser [D:\Workspace\Personal\JMMinistry\JMMinistry.Application\JMMinistry.Application.csproj]
D:\Workspace\Personal\JMMinistry\JMMinistry.Application\Mappers\MapperProfile.cs(41,9): warning RMG012: The member PhoneNumberConfirmed on the mapping target type JMMinistry.Domain.PersonalInfo was not found on the mapping source type JMMinistry.Common.Dtos.Gained.CreateGainedUser [D:\Workspace\Personal\JMMinistry\JMMinistry.Application\JMMinistry.Application.csproj]
D:\Workspace\Personal\JMMinistry\JMMinistry.Application\Mappers\MapperProfile.cs(41,9): warning RMG012: The member TwoFactorEnabled on the mapping target type JMMinistry.Domain.PersonalInfo was not found on the mapping source type JMMinistry.Common.Dtos.Gained.CreateGainedUser [D:\Workspace\Personal\JMMinistry\JMMinistry.Application\JMMinistry.Application.csproj]
D:\Workspace\Personal\JMMinistry\JMMinistry.Application\Mappers\MapperProfile.cs(41,9): warning RMG012: The member LockoutEnd on the mapping target type JMMinistry.Domain.PersonalInfo was not found on the mapping source type JMMinistry.Common.Dtos.Gained.CreateGainedUser [D:\Workspace\Personal\JMMinistry\JMMinistry.Application\JMMinistry.Application.csproj]
D:\Workspace\Personal\JMMinistry\JMMinistry.Application\Mappers\MapperProfile.cs(41,9): warning RMG012: The member LockoutEnabled on the mapping target type JMMinistry.Domain.PersonalInfo was not found on the mapping source type JMMinistry.Common.Dtos.Gained.CreateGainedUser [D:\Workspace\Personal\JMMinistry\JMMinistry.Application\JMMinistry.Application.csproj]
D:\Workspace\Personal\JMMinistry\JMMinistry.Application\Mappers\MapperProfile.cs(41,9): warning RMG012: The member AccessFailedCount on the mapping target type JMMinistry.Domain.PersonalInfo was not found on the mapping source type JMMinistry.Common.Dtos.Gained.CreateGainedUser [D:\Workspace\Personal\JMMinistry\JMMinistry.Application\JMMinistry.Application.csproj]
D:\Workspace\Personal\JMMinistry\JMMinistry.Application\Mappers\MapperProfile.cs(46,9): warning RMG020: The member City on the mapping source type JMMinistry.Domain.PersonalInfo is not mapped to any member on the mapping target type JMMinistry.Common.Dtos.Gained.GainedUser [D:\Workspace\Personal\JMMinistry\JMMinistry.Application\JMMinistry.Application.csproj]
D:\Workspace\Personal\JMMinistry\JMMinistry.Application\Mappers\MapperProfile.cs(46,9): warning RMG020: The member Address on the mapping source type JMMinistry.Domain.PersonalInfo is not mapped to any member on the mapping target type JMMinistry.Common.Dtos.Gained.GainedUser [D:\Workspace\Personal\JMMinistry\JMMinistry.Application\JMMinistry.Application.csproj]
D:\Workspace\Personal\JMMinistry\JMMinistry.Application\Mappers\MapperProfile.cs(46,9): warning RMG020: The member EducationalLevel on the mapping source type JMMinistry.Domain.PersonalInfo is not mapped to any member on the mapping target type JMMinistry.Common.Dtos.Gained.GainedUser [D:\Workspace\Personal\JMMinistry\JMMinistry.Application\JMMinistry.Application.csproj]
D:\Workspace\Personal\JMMinistry\JMMinistry.Application\Mappers\MapperProfile.cs(46,9): warning RMG020: The member Profession on the mapping source type JMMinistry.Domain.PersonalInfo is not mapped to any member on the mapping target type JMMinistry.Common.Dtos.Gained.GainedUser [D:\Workspace\Personal\JMMinistry\JMMinistry.Application\JMMinistry.Application.csproj]
D:\Workspace\Personal\JMMinistry\JMMinistry.Application\Mappers\MapperProfile.cs(46,9): warning RMG020: The member Occupation on the mapping source type JMMinistry.Domain.PersonalInfo is not mapped to any member on the mapping target type JMMinistry.Common.Dtos.Gained.GainedUser [D:\Workspace\Personal\JMMinistry\JMMinistry.Application\JMMinistry.Application.csproj]
D:\Workspace\Personal\JMMinistry\JMMinistry.Application\Mappers\MapperProfile.cs(46,9): warning RMG020: The member MaritalStatus on the mapping source type JMMinistry.Domain.PersonalInfo is not mapped to any member on the mapping target type JMMinistry.Common.Dtos.Gained.GainedUser [D:\Workspace\Personal\JMMinistry\JMMinistry.Application\JMMinistry.Application.csproj]
D:\Workspace\Personal\JMMinistry\JMMinistry.Application\Mappers\MapperProfile.cs(46,9): warning RMG020: The member Birthday on the mapping source type JMMinistry.Domain.PersonalInfo is not mapped to any member on the mapping target type JMMinistry.Common.Dtos.Gained.GainedUser [D:\Workspace\Personal\JMMinistry\JMMinistry.Application\JMMinistry.Application.csproj]
D:\Workspace\Personal\JMMinistry\JMMinistry.Application\Mappers\MapperProfile.cs(46,9): warning RMG020: The member LastAccess on the mapping source type JMMinistry.Domain.PersonalInfo is not mapped to any member on the mapping target type JMMinistry.Common.Dtos.Gained.GainedUser [D:\Workspace\Personal\JMMinistry\JMMinistry.Application\JMMinistry.Application.csproj]
D:\Workspace\Personal\JMMinistry\JMMinistry.Application\Mappers\MapperProfile.cs(46,9): warning RMG020: The member GainedId on the mapping source type JMMinistry.Domain.PersonalInfo is not mapped to any member on the mapping target type JMMinistry.Common.Dtos.Gained.GainedUser [D:\Workspace\Personal\JMMinistry\JMMinistry.Application\JMMinistry.Application.csproj]
D:\Workspace\Personal\JMMinistry\JMMinistry.Application\Mappers\MapperProfile.cs(46,9): warning RMG020: The member GainedRecord on the mapping source type JMMinistry.Domain.PersonalInfo is not mapped to any member on the mapping target type JMMinistry.Common.Dtos.Gained.GainedUser [D:\Workspace\Personal\JMMinistry\JMMinistry.Application\JMMinistry.Application.csproj]
D:\Workspace\Personal\JMMinistry\JMMinistry.Application\Mappers\MapperProfile.cs(46,9): warning RMG020: The member Cell on the mapping source type JMMinistry.Domain.PersonalInfo is not mapped to any member on the mapping target type JMMinistry.Common.Dtos.Gained.GainedUser [D:\Workspace\Personal\JMMinistry\JMMinistry.Application\JMMinistry.Application.csproj]
D:\Workspace\Personal\JMMinistry\JMMinistry.Application\Mappers\MapperProfile.cs(46,9): warning RMG020: The member CellEnrollmentDate on the mapping source type JMMinistry.Domain.PersonalInfo is not mapped to any member on the mapping target type JMMinistry.Common.Dtos.Gained.GainedUser [D:\Workspace\Personal\JMMinistry\JMMinistry.Application\JMMinistry.Application.csproj]
D:\Workspace\Personal\JMMinistry\JMMinistry.Application\Mappers\MapperProfile.cs(46,9): warning RMG020: The member Cells on the mapping source type JMMinistry.Domain.PersonalInfo is not mapped to any member on the mapping target type JMMinistry.Common.Dtos.Gained.GainedUser [D:\Workspace\Personal\JMMinistry\JMMinistry.Application\JMMinistry.Application.csproj]
D:\Workspace\Personal\JMMinistry\JMMinistry.Application\Mappers\MapperProfile.cs(46,9): warning RMG020: The member MeetingAttendances on the mapping source type JMMinistry.Domain.PersonalInfo is not mapped to any member on the mapping target type JMMinistry.Common.Dtos.Gained.GainedUser [D:\Workspace\Personal\JMMinistry\JMMinistry.Application\JMMinistry.Application.csproj]
D:\Workspace\Personal\JMMinistry\JMMinistry.Application\Mappers\MapperProfile.cs(46,9): warning RMG020: The member CellAttendances on the mapping source type JMMinistry.Domain.PersonalInfo is not mapped to any member on the mapping target type JMMinistry.Common.Dtos.Gained.GainedUser [D:\Workspace\Personal\JMMinistry\JMMinistry.Application\JMMinistry.Application.csproj]
D:\Workspace\Personal\JMMinistry\JMMinistry.Application\Mappers\MapperProfile.cs(46,9): warning RMG020: The member ClassAttendances on the mapping source type JMMinistry.Domain.PersonalInfo is not mapped to any member on the mapping target type JMMinistry.Common.Dtos.Gained.GainedUser [D:\Workspace\Personal\JMMinistry\JMMinistry.Application\JMMinistry.Application.csproj]
D:\Workspace\Personal\JMMinistry\JMMinistry.Application\Mappers\MapperProfile.cs(46,9): warning RMG020: The member Classes on the mapping source type JMMinistry.Domain.PersonalInfo is not mapped to any member on the mapping target type JMMinistry.Common.Dtos.Gained.GainedUser [D:\Workspace\Personal\JMMinistry\JMMinistry.Application\JMMinistry.Application.csproj]
D:\Workspace\Personal\JMMinistry\JMMinistry.Application\Mappers\MapperProfile.cs(46,9): warning RMG020: The member Conventions on the mapping source type JMMinistry.Domain.PersonalInfo is not mapped to any member on the mapping target type JMMinistry.Common.Dtos.Gained.GainedUser [D:\Workspace\Personal\JMMinistry\JMMinistry.Application\JMMinistry.Application.csproj]
D:\Workspace\Personal\JMMinistry\JMMinistry.Application\Mappers\MapperProfile.cs(46,9): warning RMG020: The member ConventionInvites on the mapping source type JMMinistry.Domain.PersonalInfo is not mapped to any member on the mapping target type JMMinistry.Common.Dtos.Gained.GainedUser [D:\Workspace\Personal\JMMinistry\JMMinistry.Application\JMMinistry.Application.csproj]
D:\Workspace\Personal\JMMinistry\JMMinistry.Application\Mappers\MapperProfile.cs(46,9): warning RMG020: The member UserRoles on the mapping source type JMMinistry.Domain.PersonalInfo is not mapped to any member on the mapping target type JMMinistry.Common.Dtos.Gained.GainedUser [D:\Workspace\Personal\JMMinistry\JMMinistry.Application\JMMinistry.Application.csproj]
D:\Workspace\Personal\JMMinistry\JMMinistry.Application\Mappers\MapperProfile.cs(46,9): warning RMG020: The member Gained on the mapping source type JMMinistry.Domain.PersonalInfo is not mapped to any member on the mapping target type JMMinistry.Common.Dtos.Gained.GainedUser [D:\Workspace\Personal\JMMinistry\JMMinistry.Application\JMMinistry.Application.csproj]
D:\Workspace\Personal\JMMinistry\JMMinistry.Application\Mappers\MapperProfile.cs(46,9): warning RMG020: The member UserName on the mapping source type JMMinistry.Domain.PersonalInfo is not mapped to any member on the mapping target type JMMinistry.Common.Dtos.Gained.GainedUser [D:\Workspace\Personal\JMMinistry\JMMinistry.Application\JMMinistry.Application.csproj]
D:\Workspace\Personal\JMMinistry\JMMinistry.Application\Mappers\MapperProfile.cs(46,9): warning RMG020: The member NormalizedUserName on the mapping source type JMMinistry.Domain.PersonalInfo is not mapped to any member on the mapping target type JMMinistry.Common.Dtos.Gained.GainedUser [D:\Workspace\Personal\JMMinistry\JMMinistry.Application\JMMinistry.Application.csproj]
D:\Workspace\Personal\JMMinistry\JMMinistry.Application\Mappers\MapperProfile.cs(46,9): warning RMG020: The member Email on the mapping source type JMMinistry.Domain.PersonalInfo is not mapped to any member on the mapping target type JMMinistry.Common.Dtos.Gained.GainedUser [D:\Workspace\Personal\JMMinistry\JMMinistry.Application\JMMinistry.Application.csproj]
D:\Workspace\Personal\JMMinistry\JMMinistry.Application\Mappers\MapperProfile.cs(46,9): warning RMG020: The member NormalizedEmail on the mapping source type JMMinistry.Domain.PersonalInfo is not mapped to any member on the mapping target type JMMinistry.Common.Dtos.Gained.GainedUser [D:\Workspace\Personal\JMMinistry\JMMinistry.Application\JMMinistry.Application.csproj]
D:\Workspace\Personal\JMMinistry\JMMinistry.Application\Mappers\MapperProfile.cs(46,9): warning RMG020: The member EmailConfirmed on the mapping source type JMMinistry.Domain.PersonalInfo is not mapped to any member on the mapping target type JMMinistry.Common.Dtos.Gained.GainedUser [D:\Workspace\Personal\JMMinistry\JMMinistry.Application\JMMinistry.Application.csproj]
D:\Workspace\Personal\JMMinistry\JMMinistry.Application\Mappers\MapperProfile.cs(46,9): warning RMG020: The member PasswordHash on the mapping source type JMMinistry.Domain.PersonalInfo is not mapped to any member on the mapping target type JMMinistry.Common.Dtos.Gained.GainedUser [D:\Workspace\Personal\JMMinistry\JMMinistry.Application\JMMinistry.Application.csproj]
D:\Workspace\Personal\JMMinistry\JMMinistry.Application\Mappers\MapperProfile.cs(46,9): warning RMG020: The member SecurityStamp on the mapping source type JMMinistry.Domain.PersonalInfo is not mapped to any member on the mapping target type JMMinistry.Common.Dtos.Gained.GainedUser [D:\Workspace\Personal\JMMinistry\JMMinistry.Application\JMMinistry.Application.csproj]
D:\Workspace\Personal\JMMinistry\JMMinistry.Application\Mappers\MapperProfile.cs(46,9): warning RMG020: The member ConcurrencyStamp on the mapping source type JMMinistry.Domain.PersonalInfo is not mapped to any member on the mapping target type JMMinistry.Common.Dtos.Gained.GainedUser [D:\Workspace\Personal\JMMinistry\JMMinistry.Application\JMMinistry.Application.csproj]
D:\Workspace\Personal\JMMinistry\JMMinistry.Application\Mappers\MapperProfile.cs(46,9): warning RMG020: The member PhoneNumber on the mapping source type JMMinistry.Domain.PersonalInfo is not mapped to any member on the mapping target type JMMinistry.Common.Dtos.Gained.GainedUser [D:\Workspace\Personal\JMMinistry\JMMinistry.Application\JMMinistry.Application.csproj]
D:\Workspace\Personal\JMMinistry\JMMinistry.Application\Mappers\MapperProfile.cs(46,9): warning RMG020: The member PhoneNumberConfirmed on the mapping source type JMMinistry.Domain.PersonalInfo is not mapped to any member on the mapping target type JMMinistry.Common.Dtos.Gained.GainedUser [D:\Workspace\Personal\JMMinistry\JMMinistry.Application\JMMinistry.Application.csproj]
D:\Workspace\Personal\JMMinistry\JMMinistry.Application\Mappers\MapperProfile.cs(46,9): warning RMG020: The member TwoFactorEnabled on the mapping source type JMMinistry.Domain.PersonalInfo is not mapped to any member on the mapping target type JMMinistry.Common.Dtos.Gained.GainedUser [D:\Workspace\Personal\JMMinistry\JMMinistry.Application\JMMinistry.Application.csproj]
D:\Workspace\Personal\JMMinistry\JMMinistry.Application\Mappers\MapperProfile.cs(46,9): warning RMG020: The member LockoutEnd on the mapping source type JMMinistry.Domain.PersonalInfo is not mapped to any member on the mapping target type JMMinistry.Common.Dtos.Gained.GainedUser [D:\Workspace\Personal\JMMinistry\JMMinistry.Application\JMMinistry.Application.csproj]
D:\Workspace\Personal\JMMinistry\JMMinistry.Application\Mappers\MapperProfile.cs(46,9): warning RMG020: The member LockoutEnabled on the mapping source type JMMinistry.Domain.PersonalInfo is not mapped to any member on the mapping target type JMMinistry.Common.Dtos.Gained.GainedUser [D:\Workspace\Personal\JMMinistry\JMMinistry.Application\JMMinistry.Application.csproj]
D:\Workspace\Personal\JMMinistry\JMMinistry.Application\Mappers\MapperProfile.cs(46,9): warning RMG020: The member AccessFailedCount on the mapping source type JMMinistry.Domain.PersonalInfo is not mapped to any member on the mapping target type JMMinistry.Common.Dtos.Gained.GainedUser [D:\Workspace\Personal\JMMinistry\JMMinistry.Application\JMMinistry.Application.csproj]
D:\Workspace\Personal\JMMinistry\JMMinistry.Application\Mappers\MapperProfile.cs(46,9): warning RMG012: The member Events on the mapping target type JMMinistry.Common.Dtos.Gained.GainedUser was not found on the mapping source type JMMinistry.Domain.PersonalInfo [D:\Workspace\Personal\JMMinistry\JMMinistry.Application\JMMinistry.Application.csproj]
D:\Workspace\Personal\JMMinistry\JMMinistry.Application\Mappers\MapperProfile.cs(46,9): warning RMG012: The member Petition on the mapping target type JMMinistry.Common.Dtos.Gained.GainedUser was not found on the mapping source type JMMinistry.Domain.PersonalInfo [D:\Workspace\Personal\JMMinistry\JMMinistry.Application\JMMinistry.Application.csproj]
D:\Workspace\Personal\JMMinistry\JMMinistry.Application\Mappers\MapperProfile.cs(46,9): warning RMG012: The member Photo on the mapping target type JMMinistry.Common.Dtos.Gained.GainedUser was not found on the mapping source type JMMinistry.Domain.PersonalInfo [D:\Workspace\Personal\JMMinistry\JMMinistry.Application\JMMinistry.Application.csproj]
D:\Workspace\Personal\JMMinistry\JMMinistry.Application\Mappers\MapperProfile.cs(58,9): warning RMG020: The member GainedId on the mapping source type JMMinistry.Domain.GainedEvent is not mapped to any member on the mapping target type JMMinistry.Common.Dtos.Gained.GainedEvent [D:\Workspace\Personal\JMMinistry\JMMinistry.Application\JMMinistry.Application.csproj]
D:\Workspace\Personal\JMMinistry\JMMinistry.Application\Mappers\MapperProfile.cs(58,9): warning RMG020: The member Gained on the mapping source type JMMinistry.Domain.GainedEvent is not mapped to any member on the mapping target type JMMinistry.Common.Dtos.Gained.GainedEvent [D:\Workspace\Personal\JMMinistry\JMMinistry.Application\JMMinistry.Application.csproj]
D:\Workspace\Personal\JMMinistry\JMMinistry.Application\Mappers\MapperProfile.cs(58,9): warning RMG020: The member Date on the mapping source type JMMinistry.Domain.GainedEvent is not mapped to any member on the mapping target type JMMinistry.Common.Dtos.Gained.GainedEvent [D:\Workspace\Personal\JMMinistry\JMMinistry.Application\JMMinistry.Application.csproj]
D:\Workspace\Personal\JMMinistry\JMMinistry.Application\Mappers\MapperProfile.cs(63,9): warning RMG020: The member MeetingTypes on the mapping source type JMMinistry.Common.Dtos.Meetings.CreateMeetingDto is not mapped to any member on the mapping target type JMMinistry.Domain.Meeting [D:\Workspace\Personal\JMMinistry\JMMinistry.Application\JMMinistry.Application.csproj]
D:\Workspace\Personal\JMMinistry\JMMinistry.Application\Mappers\MapperProfile.cs(63,9): warning RMG012: The member Id on the mapping target type JMMinistry.Domain.Meeting was not found on the mapping source type JMMinistry.Common.Dtos.Meetings.CreateMeetingDto [D:\Workspace\Personal\JMMinistry\JMMinistry.Application\JMMinistry.Application.csproj]
D:\Workspace\Personal\JMMinistry\JMMinistry.Application\Mappers\MapperProfile.cs(63,9): warning RMG012: The member MeetingType on the mapping target type JMMinistry.Domain.Meeting was not found on the mapping source type JMMinistry.Common.Dtos.Meetings.CreateMeetingDto [D:\Workspace\Personal\JMMinistry\JMMinistry.Application\JMMinistry.Application.csproj]
D:\Workspace\Personal\JMMinistry\JMMinistry.Application\Mappers\MapperProfile.cs(63,9): warning RMG012: The member MeetingAttendances on the mapping target type JMMinistry.Domain.Meeting was not found on the mapping source type JMMinistry.Common.Dtos.Meetings.CreateMeetingDto [D:\Workspace\Personal\JMMinistry\JMMinistry.Application\JMMinistry.Application.csproj]
D:\Workspace\Personal\JMMinistry\JMMinistry.Application\Mappers\MapperProfile.cs(64,9): warning RMG020: The member Id on the mapping source type JMMinistry.Domain.Meeting is not mapped to any member on the mapping target type JMMinistry.Common.Dtos.Meetings.MeetingDto [D:\Workspace\Personal\JMMinistry\JMMinistry.Application\JMMinistry.Application.csproj]
D:\Workspace\Personal\JMMinistry\JMMinistry.Application\Mappers\MapperProfile.cs(64,9): warning RMG020: The member MeetingType on the mapping source type JMMinistry.Domain.Meeting is not mapped to any member on the mapping target type JMMinistry.Common.Dtos.Meetings.MeetingDto [D:\Workspace\Personal\JMMinistry\JMMinistry.Application\JMMinistry.Application.csproj]
D:\Workspace\Personal\JMMinistry\JMMinistry.Application\Mappers\MapperProfile.cs(64,9): warning RMG020: The member MeetingAttendances on the mapping source type JMMinistry.Domain.Meeting is not mapped to any member on the mapping target type JMMinistry.Common.Dtos.Meetings.MeetingDto [D:\Workspace\Personal\JMMinistry\JMMinistry.Application\JMMinistry.Application.csproj]
D:\Workspace\Personal\JMMinistry\JMMinistry.Application\Mappers\MapperProfile.cs(64,9): warning RMG012: The member MeetingId on the mapping target type JMMinistry.Common.Dtos.Meetings.MeetingDto was not found on the mapping source type JMMinistry.Domain.Meeting [D:\Workspace\Personal\JMMinistry\JMMinistry.Application\JMMinistry.Application.csproj]
D:\Workspace\Personal\JMMinistry\JMMinistry.Application\Mappers\MapperProfile.cs(64,9): warning RMG012: The member MeetingTypes on the mapping target type JMMinistry.Common.Dtos.Meetings.MeetingDto was not found on the mapping source type JMMinistry.Domain.Meeting [D:\Workspace\Personal\JMMinistry\JMMinistry.Application\JMMinistry.Application.csproj]
D:\Workspace\Personal\JMMinistry\JMMinistry.Application\Mappers\MapperProfile.cs(67,9): warning RMG020: The member Id on the mapping source type JMMinistry.Domain.CellAttendance is not mapped to any member on the mapping target type JMMinistry.Common.Dtos.Cell.CellAttendanceDto [D:\Workspace\Personal\JMMinistry\JMMinistry.Application\JMMinistry.Application.csproj]
D:\Workspace\Personal\JMMinistry\JMMinistry.Application\Mappers\MapperProfile.cs(67,9): warning RMG020: The member CellId on the mapping source type JMMinistry.Domain.CellAttendance is not mapped to any member on the mapping target type JMMinistry.Common.Dtos.Cell.CellAttendanceDto [D:\Workspace\Personal\JMMinistry\JMMinistry.Application\JMMinistry.Application.csproj]
D:\Workspace\Personal\JMMinistry\JMMinistry.Application\Mappers\MapperProfile.cs(67,9): warning RMG020: The member Cell on the mapping source type JMMinistry.Domain.CellAttendance is not mapped to any member on the mapping target type JMMinistry.Common.Dtos.Cell.CellAttendanceDto [D:\Workspace\Personal\JMMinistry\JMMinistry.Application\JMMinistry.Application.csproj]
D:\Workspace\Personal\JMMinistry\JMMinistry.Application\Mappers\MapperProfile.cs(67,9): warning RMG012: The member MissingAttendees on the mapping target type JMMinistry.Common.Dtos.Cell.CellAttendanceDto was not found on the mapping source type JMMinistry.Domain.CellAttendance [D:\Workspace\Personal\JMMinistry\JMMinistry.Application\JMMinistry.Application.csproj]
D:\Workspace\Personal\JMMinistry\JMMinistry.Application\Features\Cells\Queries\GetCell\GetCellHandler.cs(19,41): warning CS8604: Possible null reference argument for parameter 'source' in 'CellDto AppMapper.CellToCellDto(Cell source)'. [D:\Workspace\Personal\JMMinistry\JMMinistry.Application\JMMinistry.Application.csproj]
    209 Warning(s)
    0 Error(s)

Time Elapsed 00:00:03.33
